Component: ARM Compiler 6.16 Tool: armlink [5dfeaa00]

==============================================================================

Section Cross References

    gd32f30x_it.o(.ARM.exidx.text.NMI_Handler) refers to gd32f30x_it.o(.text.NMI_Handler) for [Anonymous Symbol]
    gd32f30x_it.o(.ARM.exidx.text.HardFault_Handler) refers to gd32f30x_it.o(.text.HardFault_Handler) for [Anonymous Symbol]
    gd32f30x_it.o(.ARM.exidx.text.MemManage_Handler) refers to gd32f30x_it.o(.text.MemManage_Handler) for [Anonymous Symbol]
    gd32f30x_it.o(.ARM.exidx.text.BusFault_Handler) refers to gd32f30x_it.o(.text.BusFault_Handler) for [Anonymous Symbol]
    gd32f30x_it.o(.ARM.exidx.text.UsageFault_Handler) refers to gd32f30x_it.o(.text.UsageFault_Handler) for [Anonymous Symbol]
    gd32f30x_it.o(.ARM.exidx.text.SVC_Handler) refers to gd32f30x_it.o(.text.SVC_Handler) for [Anonymous Symbol]
    gd32f30x_it.o(.ARM.exidx.text.DebugMon_Handler) refers to gd32f30x_it.o(.text.DebugMon_Handler) for [Anonymous Symbol]
    gd32f30x_it.o(.ARM.exidx.text.PendSV_Handler) refers to gd32f30x_it.o(.text.PendSV_Handler) for [Anonymous Symbol]
    gd32f30x_it.o(.text.SysTick_Handler) refers to systick.o(.text.delay_decrement) for delay_decrement
    gd32f30x_it.o(.ARM.exidx.text.SysTick_Handler) refers to gd32f30x_it.o(.text.SysTick_Handler) for [Anonymous Symbol]
    systick.o(.text.systick_config) refers to system_gd32f30x.o(.data.SystemCoreClock) for SystemCoreClock
    systick.o(.text.systick_config) refers to systick.o(.text.SysTick_Config) for SysTick_Config
    systick.o(.text.systick_config) refers to systick.o(.text.NVIC_SetPriority) for NVIC_SetPriority
    systick.o(.ARM.exidx.text.systick_config) refers to systick.o(.text.systick_config) for [Anonymous Symbol]
    systick.o(.text.SysTick_Config) refers to systick.o(.text.NVIC_SetPriority) for NVIC_SetPriority
    systick.o(.ARM.exidx.text.SysTick_Config) refers to systick.o(.text.SysTick_Config) for [Anonymous Symbol]
    systick.o(.ARM.exidx.text.NVIC_SetPriority) refers to systick.o(.text.NVIC_SetPriority) for [Anonymous Symbol]
    systick.o(.text.delay_1ms) refers to systick.o(.bss.delay) for delay
    systick.o(.ARM.exidx.text.delay_1ms) refers to systick.o(.text.delay_1ms) for [Anonymous Symbol]
    systick.o(.text.delay_decrement) refers to systick.o(.bss.delay) for delay
    systick.o(.ARM.exidx.text.delay_decrement) refers to systick.o(.text.delay_decrement) for [Anonymous Symbol]
    main.o(.text.led_init) refers to gd32f30x_rcu.o(.text.rcu_periph_clock_enable) for rcu_periph_clock_enable
    main.o(.text.led_init) refers to gd32f30x_gpio.o(.text.gpio_init) for gpio_init
    main.o(.text.led_init) refers to gd32f30x_gpio.o(.text.gpio_bit_reset) for gpio_bit_reset
    main.o(.text.led_init) refers to gd32f30x_gpio.o(.text.gpio_bit_set) for gpio_bit_set
    main.o(.text.led_init) refers to systick.o(.text.delay_1ms) for delay_1ms
    main.o(.ARM.exidx.text.led_init) refers to main.o(.text.led_init) for [Anonymous Symbol]
    main.o(.text.main) refers to systick.o(.text.systick_config) for systick_config
    main.o(.text.main) refers to main.o(.text.led_init) for led_init
    main.o(.text.main) refers to gd32f30x_misc.o(.text.nvic_irq_disable) for nvic_irq_disable
    main.o(.text.main) refers to main.o(.bss.Jump_To_Application) for Jump_To_Application
    main.o(.ARM.exidx.text.main) refers to main.o(.text.main) for [Anonymous Symbol]
    startup_gd32f30x_hd.o(STACK) refers (Special) to heapauxi.o(.text) for __use_two_region_memory
    startup_gd32f30x_hd.o(HEAP) refers (Special) to heapauxi.o(.text) for __use_two_region_memory
    startup_gd32f30x_hd.o(RESET) refers (Special) to heapauxi.o(.text) for __use_two_region_memory
    startup_gd32f30x_hd.o(RESET) refers to startup_gd32f30x_hd.o(STACK) for __initial_sp
    startup_gd32f30x_hd.o(RESET) refers to startup_gd32f30x_hd.o(.text) for Reset_Handler
    startup_gd32f30x_hd.o(RESET) refers to gd32f30x_it.o(.text.NMI_Handler) for NMI_Handler
    startup_gd32f30x_hd.o(RESET) refers to gd32f30x_it.o(.text.HardFault_Handler) for HardFault_Handler
    startup_gd32f30x_hd.o(RESET) refers to gd32f30x_it.o(.text.MemManage_Handler) for MemManage_Handler
    startup_gd32f30x_hd.o(RESET) refers to gd32f30x_it.o(.text.BusFault_Handler) for BusFault_Handler
    startup_gd32f30x_hd.o(RESET) refers to gd32f30x_it.o(.text.UsageFault_Handler) for UsageFault_Handler
    startup_gd32f30x_hd.o(RESET) refers to gd32f30x_it.o(.text.SVC_Handler) for SVC_Handler
    startup_gd32f30x_hd.o(RESET) refers to gd32f30x_it.o(.text.DebugMon_Handler) for DebugMon_Handler
    startup_gd32f30x_hd.o(RESET) refers to gd32f30x_it.o(.text.PendSV_Handler) for PendSV_Handler
    startup_gd32f30x_hd.o(RESET) refers to gd32f30x_it.o(.text.SysTick_Handler) for SysTick_Handler
    startup_gd32f30x_hd.o(.text) refers (Special) to heapauxi.o(.text) for __use_two_region_memory
[...]
    Removing gd32f30x_rcu.o(.ARM.exidx.text.rcu_periph_clock_disable), (8 bytes).
    Removing gd32f30x_rcu.o(.text.rcu_periph_clock_sleep_enable), (40 bytes).
    Removing gd32f30x_rcu.o(.ARM.exidx.text.rcu_periph_clock_sleep_enable), (8 bytes).
    Removing gd32f30x_rcu.o(.text.rcu_periph_clock_sleep_disable), (40 bytes).
    Removing gd32f30x_rcu.o(.ARM.exidx.text.rcu_periph_clock_sleep_disable), (8 bytes).
    Removing gd32f30x_rcu.o(.text.rcu_periph_reset_enable), (40 bytes).
    Removing gd32f30x_rcu.o(.ARM.exidx.text.rcu_periph_reset_enable), (8 bytes).
    Removing gd32f30x_rcu.o(.text.rcu_periph_reset_disable), (40 bytes).
    Removing gd32f30x_rcu.o(.ARM.exidx.text.rcu_periph_reset_disable), (8 bytes).
    Removing gd32f30x_rcu.o(.text.rcu_bkp_reset_enable), (18 bytes).
    Removing gd32f30x_rcu.o(.ARM.exidx.text.rcu_bkp_reset_enable), (8 bytes).
    Removing gd32f30x_rcu.o(.text.rcu_bkp_reset_disable), (18 bytes).
    Removing gd32f30x_rcu.o(.ARM.exidx.text.rcu_bkp_reset_disable), (8 bytes).
    Removing gd32f30x_rcu.o(.text.rcu_system_clock_source_config), (36 bytes).
    Removing gd32f30x_rcu.o(.ARM.exidx.text.rcu_system_clock_source_config), (8 bytes).
    Removing gd32f30x_rcu.o(.text.rcu_system_clock_source_get), (16 bytes).
    Removing gd32f30x_rcu.o(.ARM.exidx.text.rcu_system_clock_source_get), (8 bytes).
    Removing gd32f30x_rcu.o(.text.rcu_ahb_clock_config), (36 bytes).
    Removing gd32f30x_rcu.o(.ARM.exidx.text.rcu_ahb_clock_config), (8 bytes).
    Removing gd32f30x_rcu.o(.text.rcu_apb1_clock_config), (36 bytes).
    Removing gd32f30x_rcu.o(.ARM.exidx.text.rcu_apb1_clock_config), (8 bytes).
    Removing gd32f30x_rcu.o(.text.rcu_apb2_clock_config), (36 bytes).
    Removing gd32f30x_rcu.o(.ARM.exidx.text.rcu_apb2_clock_config), (8 bytes).
    Removing gd32f30x_rcu.o(.text.rcu_ckout0_config), (36 bytes).
    Removing gd32f30x_rcu.o(.ARM.exidx.text.rcu_ckout0_config), (8 bytes).
    Removing gd32f30x_rcu.o(.text.rcu_pll_config), (56 bytes).
    Removing gd32f30x_rcu.o(.ARM.exidx.text.rcu_pll_config), (8 bytes).
    Removing gd32f30x_rcu.o(.text.rcu_pllpresel_config), (44 bytes).
    Removing gd32f30x_rcu.o(.ARM.exidx.text.rcu_pllpresel_config), (8 bytes).
    Removing gd32f30x_rcu.o(.text.rcu_predv0_config), (62 bytes).
    Removing gd32f30x_rcu.o(.ARM.exidx.text.rcu_predv0_config), (8 bytes).
    Removing gd32f30x_rcu.o(.text.rcu_adc_clock_config), (180 bytes).
    Removing gd32f30x_rcu.o(.ARM.exidx.text.rcu_adc_clock_config), (8 bytes).
    Removing gd32f30x_rcu.o(.text.rcu_usb_clock_config), (36 bytes).
    Removing gd32f30x_rcu.o(.ARM.exidx.text.rcu_usb_clock_config), (8 bytes).
    Removing gd32f30x_rcu.o(.text.rcu_rtc_clock_config), (36 bytes).
    Removing gd32f30x_rcu.o(.ARM.exidx.text.rcu_rtc_clock_config), (8 bytes).
    Removing gd32f30x_rcu.o(.text.rcu_ck48m_clock_config), (36 bytes).
    Removing gd32f30x_rcu.o(.ARM.exidx.text.rcu_ck48m_clock_config), (8 bytes).
    Removing gd32f30x_rcu.o(.text.rcu_flag_get), (62 bytes).
    Removing gd32f30x_rcu.o(.ARM.exidx.text.rcu_flag_get), (8 bytes).
    Removing gd32f30x_rcu.o(.text.rcu_all_reset_flag_clear), (18 bytes).
    Removing gd32f30x_rcu.o(.ARM.exidx.text.rcu_all_reset_flag_clear), (8 bytes).
    Removing gd32f30x_rcu.o(.text.rcu_interrupt_flag_get), (62 bytes).
    Removing gd32f30x_rcu.o(.ARM.exidx.text.rcu_interrupt_flag_get), (8 bytes).
    Removing gd32f30x_rcu.o(.text.rcu_interrupt_flag_clear), (40 bytes).
    Removing gd32f30x_rcu.o(.ARM.exidx.text.rcu_interrupt_flag_clear), (8 bytes).
    Removing gd32f30x_rcu.o(.text.rcu_interrupt_enable), (40 bytes).
    Removing gd32f30x_rcu.o(.ARM.exidx.text.rcu_interrupt_enable), (8 bytes).
    Removing gd32f30x_rcu.o(.text.rcu_interrupt_disable), (40 bytes).
    Removing gd32f30x_rcu.o(.ARM.exidx.text.rcu_interrupt_disable), (8 bytes).
    Removing gd32f30x_rcu.o(.text.rcu_lxtal_drive_capability_config), (36 bytes).
    Removing gd32f30x_rcu.o(.ARM.exidx.text.rcu_lxtal_drive_capability_config), (8 bytes).
    Removing gd32f30x_rcu.o(.text.rcu_osci_on), (40 bytes).
    Removing gd32f30x_rcu.o(.ARM.exidx.text.rcu_osci_on), (8 bytes).
    Removing gd32f30x_rcu.o(.text.rcu_osci_off), (40 bytes).
    Removing gd32f30x_rcu.o(.ARM.exidx.text.rcu_osci_off), (8 bytes).
    Removing gd32f30x_rcu.o(.text.rcu_osci_bypass_mode_enable), (134 bytes).
    Removing gd32f30x_rcu.o(.ARM.exidx.text.rcu_osci_bypass_mode_enable), (8 bytes).
    Removing gd32f30x_rcu.o(.text.rcu_osci_bypass_mode_disable), (134 bytes).
    Removing gd32f30x_rcu.o(.ARM.exidx.text.rcu_osci_bypass_mode_disable), (8 bytes).
    Removing gd32f30x_rcu.o(.text.rcu_hxtal_clock_monitor_enable), (18 bytes).
    Removing gd32f30x_rcu.o(.ARM.exidx.text.rcu_hxtal_clock_monitor_enable), (8 bytes).
    Removing gd32f30x_rcu.o(.text.rcu_hxtal_clock_monitor_disable), (18 bytes).
    Removing gd32f30x_rcu.o(.ARM.exidx.text.rcu_hxtal_clock_monitor_disable), (8 bytes).
    Removing gd32f30x_rcu.o(.text.rcu_irc8m_adjust_value_set), (42 bytes).
    Removing gd32f30x_rcu.o(.ARM.exidx.text.rcu_irc8m_adjust_value_set), (8 bytes).
    Removing gd32f30x_rcu.o(.text.rcu_deepsleep_voltage_set), (28 bytes).
    Removing gd32f30x_rcu.o(.ARM.exidx.text.rcu_deepsleep_voltage_set), (8 bytes).
    Removing gd32f30x_rcu.o(.text.rcu_clock_freq_get), (494 bytes).
    Removing gd32f30x_rcu.o(.ARM.exidx.text.rcu_clock_freq_get), (8 bytes).
    Removing gd32f30x_rcu.o(.rodata.cst16), (16 bytes).
    Removing gd32f30x_rcu.o(.rodata.cst8), (16 bytes).
    Removing gd32f30x_rtc.o(.text), (0 bytes).
    Removing gd32f30x_rtc.o(.text.rtc_interrupt_enable), (24 bytes).
    Removing gd32f30x_rtc.o(.ARM.exidx.text.rtc_interrupt_enable), (8 bytes).
    Removing gd32f30x_rtc.o(.text.rtc_interrupt_disable), (24 bytes).
    Removing gd32f30x_rtc.o(.ARM.exidx.text.rtc_interrupt_disable), (8 bytes).
    Removing gd32f30x_rtc.o(.text.rtc_configuration_mode_enter), (18 bytes).
    Removing gd32f30x_rtc.o(.ARM.exidx.text.rtc_configuration_mode_enter), (8 bytes).
    Removing gd32f30x_rtc.o(.text.rtc_configuration_mode_exit), (18 bytes).
    Removing gd32f30x_rtc.o(.ARM.exidx.text.rtc_configuration_mode_exit), (8 bytes).
    Removing gd32f30x_rtc.o(.text.rtc_lwoff_wait), (24 bytes).
    Removing gd32f30x_rtc.o(.ARM.exidx.text.rtc_lwoff_wait), (8 bytes).
    Removing gd32f30x_rtc.o(.text.rtc_register_sync_wait), (40 bytes).
    Removing gd32f30x_rtc.o(.ARM.exidx.text.rtc_register_sync_wait), (8 bytes).
    Removing gd32f30x_rtc.o(.text.rtc_counter_get), (42 bytes).
    Removing gd32f30x_rtc.o(.ARM.exidx.text.rtc_counter_get), (8 bytes).
    Removing gd32f30x_rtc.o(.text.rtc_counter_set), (46 bytes).
    Removing gd32f30x_rtc.o(.ARM.exidx.text.rtc_counter_set), (8 bytes).
    Removing gd32f30x_rtc.o(.text.rtc_prescaler_set), (48 bytes).
    Removing gd32f30x_rtc.o(.ARM.exidx.text.rtc_prescaler_set), (8 bytes).
    Removing gd32f30x_rtc.o(.text.rtc_alarm_config), (46 bytes).
    Removing gd32f30x_rtc.o(.ARM.exidx.text.rtc_alarm_config), (8 bytes).
    Removing gd32f30x_rtc.o(.text.rtc_divider_get), (46 bytes).
    Removing gd32f30x_rtc.o(.ARM.exidx.text.rtc_divider_get), (8 bytes).
    Removing gd32f30x_rtc.o(.text.rtc_flag_get), (46 bytes).
    Removing gd32f30x_rtc.o(.ARM.exidx.text.rtc_flag_get), (8 bytes).
    Removing gd32f30x_rtc.o(.text.rtc_flag_clear), (24 bytes).
    Removing gd32f30x_rtc.o(.ARM.exidx.text.rtc_flag_clear), (8 bytes).
    Removing gd32f30x_sdio.o(.text), (0 bytes).
    Removing gd32f30x_sdio.o(.text.sdio_deinit), (94 bytes).
    Removing gd32f30x_sdio.o(.ARM.exidx.text.sdio_deinit), (8 bytes).
    Removing gd32f30x_sdio.o(.text.sdio_clock_config), (114 bytes).
    Removing gd32f30x_sdio.o(.ARM.exidx.text.sdio_clock_config), (8 bytes).
    Removing gd32f30x_sdio.o(.text.sdio_hardware_clock_enable), (18 bytes).
    Removing gd32f30x_sdio.o(.ARM.exidx.text.sdio_hardware_clock_enable), (8 bytes).
    Removing gd32f30x_sdio.o(.text.sdio_hardware_clock_disable), (18 bytes).
    Removing gd32f30x_sdio.o(.ARM.exidx.text.sdio_hardware_clock_disable), (8 bytes).
    Removing gd32f30x_sdio.o(.text.sdio_bus_mode_set), (32 bytes).
    Removing gd32f30x_sdio.o(.ARM.exidx.text.sdio_bus_mode_set), (8 bytes).
    Removing gd32f30x_sdio.o(.text.sdio_power_state_set), (20 bytes).
    Removing gd32f30x_sdio.o(.ARM.exidx.text.sdio_power_state_set), (8 bytes).
    Removing gd32f30x_sdio.o(.text.sdio_power_state_get), (12 bytes).
    Removing gd32f30x_sdio.o(.ARM.exidx.text.sdio_power_state_get), (8 bytes).
    Removing gd32f30x_sdio.o(.text.sdio_clock_enable), (18 bytes).
    Removing gd32f30x_sdio.o(.ARM.exidx.text.sdio_clock_enable), (8 bytes).
    Removing gd32f30x_sdio.o(.text.sdio_clock_disable), (18 bytes).
    Removing gd32f30x_sdio.o(.ARM.exidx.text.sdio_clock_disable), (8 bytes).
    Removing gd32f30x_sdio.o(.text.sdio_command_response_config), (68 bytes).
    Removing gd32f30x_sdio.o(.ARM.exidx.text.sdio_command_response_config), (8 bytes).
    Removing gd32f30x_sdio.o(.text.sdio_wait_type_set), (32 bytes).
    Removing gd32f30x_sdio.o(.ARM.exidx.text.sdio_wait_type_set), (8 bytes).
    Removing gd32f30x_sdio.o(.text.sdio_csm_enable), (18 bytes).
    Removing gd32f30x_sdio.o(.ARM.exidx.text.sdio_csm_enable), (8 bytes).
    Removing gd32f30x_sdio.o(.text.sdio_csm_disable), (18 bytes).
    Removing gd32f30x_sdio.o(.ARM.exidx.text.sdio_csm_disable), (8 bytes).
    Removing gd32f30x_sdio.o(.text.sdio_command_index_get), (14 bytes).
    Removing gd32f30x_sdio.o(.ARM.exidx.text.sdio_command_index_get), (8 bytes).
    Removing gd32f30x_sdio.o(.text.sdio_response_get), (90 bytes).
    Removing gd32f30x_sdio.o(.ARM.exidx.text.sdio_response_get), (8 bytes).
    Removing gd32f30x_sdio.o(.text.sdio_data_config), (74 bytes).
    Removing gd32f30x_sdio.o(.ARM.exidx.text.sdio_data_config), (8 bytes).
    Removing gd32f30x_sdio.o(.text.sdio_data_transfer_config), (50 bytes).
    Removing gd32f30x_sdio.o(.ARM.exidx.text.sdio_data_transfer_config), (8 bytes).
    Removing gd32f30x_sdio.o(.text.sdio_dsm_enable), (18 bytes).
    Removing gd32f30x_sdio.o(.ARM.exidx.text.sdio_dsm_enable), (8 bytes).
    Removing gd32f30x_sdio.o(.text.sdio_dsm_disable), (18 bytes).
    Removing gd32f30x_sdio.o(.ARM.exidx.text.sdio_dsm_disable), (8 bytes).
    Removing gd32f30x_sdio.o(.text.sdio_data_write), (20 bytes).
    Removing gd32f30x_sdio.o(.ARM.exidx.text.sdio_data_write), (8 bytes).
    Removing gd32f30x_sdio.o(.text.sdio_data_read), (12 bytes).
    Removing gd32f30x_sdio.o(.ARM.exidx.text.sdio_data_read), (8 bytes).
    Removing gd32f30x_sdio.o(.text.sdio_data_counter_get), (12 bytes).
    Removing gd32f30x_sdio.o(.ARM.exidx.text.sdio_data_counter_get), (8 bytes).
    Removing gd32f30x_sdio.o(.text.sdio_fifo_counter_get), (12 bytes).
    Removing gd32f30x_sdio.o(.ARM.exidx.text.sdio_fifo_counter_get), (8 bytes).
    Removing gd32f30x_sdio.o(.text.sdio_dma_enable), (18 bytes).
    Removing gd32f30x_sdio.o(.ARM.exidx.text.sdio_dma_enable), (8 bytes).
    Removing gd32f30x_sdio.o(.text.sdio_dma_disable), (18 bytes).
    Removing gd32f30x_sdio.o(.ARM.exidx.text.sdio_dma_disable), (8 bytes).
    Removing gd32f30x_sdio.o(.text.sdio_flag_get), (46 bytes).
    Removing gd32f30x_sdio.o(.ARM.exidx.text.sdio_flag_get), (8 bytes).
    Removing gd32f30x_sdio.o(.text.sdio_flag_clear), (20 bytes).
    Removing gd32f30x_sdio.o(.ARM.exidx.text.sdio_flag_clear), (8 bytes).
    Removing gd32f30x_sdio.o(.text.sdio_interrupt_enable), (24 bytes).
    Removing gd32f30x_sdio.o(.ARM.exidx.text.sdio_interrupt_enable), (8 bytes).
    Removing gd32f30x_sdio.o(.text.sdio_interrupt_disable), (24 bytes).
    Removing gd32f30x_sdio.o(.ARM.exidx.text.sdio_interrupt_disable), (8 bytes).
    Removing gd32f30x_sdio.o(.text.sdio_interrupt_flag_get), (46 bytes).
    Removing gd32f30x_sdio.o(.ARM.exidx.text.sdio_interrupt_flag_get), (8 bytes).
    Removing gd32f30x_sdio.o(.text.sdio_interrupt_flag_clear), (20 bytes).
    Removing gd32f30x_sdio.o(.ARM.exidx.text.sdio_interrupt_flag_clear), (8 bytes).
    Removing gd32f30x_sdio.o(.text.sdio_readwait_enable), (18 bytes).
    Removing gd32f30x_sdio.o(.ARM.exidx.text.sdio_readwait_enable), (8 bytes).
    Removing gd32f30x_sdio.o(.text.sdio_readwait_disable), (18 bytes).
    Removing gd32f30x_sdio.o(.ARM.exidx.text.sdio_readwait_disable), (8 bytes).
    Removing gd32f30x_sdio.o(.text.sdio_stop_readwait_enable), (18 bytes).
    Removing gd32f30x_sdio.o(.ARM.exidx.text.sdio_stop_readwait_enable), (8 bytes).
    Removing gd32f30x_sdio.o(.text.sdio_stop_readwait_disable), (18 bytes).
    Removing gd32f30x_sdio.o(.ARM.exidx.text.sdio_stop_readwait_disable), (8 bytes).
    Removing gd32f30x_sdio.o(.text.sdio_readwait_type_set), (54 bytes).
    Removing gd32f30x_sdio.o(.ARM.exidx.text.sdio_readwait_type_set), (8 bytes).
    Removing gd32f30x_sdio.o(.text.sdio_operation_enable), (18 bytes).
    Removing gd32f30x_sdio.o(.ARM.exidx.text.sdio_operation_enable), (8 bytes).
    Removing gd32f30x_sdio.o(.text.sdio_operation_disable), (18 bytes).
    Removing gd32f30x_sdio.o(.ARM.exidx.text.sdio_operation_disable), (8 bytes).
    Removing gd32f30x_sdio.o(.text.sdio_suspend_enable), (18 bytes).
    Removing gd32f30x_sdio.o(.ARM.exidx.text.sdio_suspend_enable), (8 bytes).
    Removing gd32f30x_sdio.o(.text.sdio_suspend_disable), (18 bytes).
    Removing gd32f30x_sdio.o(.ARM.exidx.text.sdio_suspend_disable), (8 bytes).
    Removing gd32f30x_sdio.o(.text.sdio_ceata_command_enable), (18 bytes).
    Removing gd32f30x_sdio.o(.ARM.exidx.text.sdio_ceata_command_enable), (8 bytes).
    Removing gd32f30x_sdio.o(.text.sdio_ceata_command_disable), (18 bytes).
    Removing gd32f30x_sdio.o(.ARM.exidx.text.sdio_ceata_command_disable), (8 bytes).
    Removing gd32f30x_sdio.o(.text.sdio_ceata_interrupt_enable), (18 bytes).
    Removing gd32f30x_sdio.o(.ARM.exidx.text.sdio_ceata_interrupt_enable), (8 bytes).
    Removing gd32f30x_sdio.o(.text.sdio_ceata_interrupt_disable), (18 bytes).
    Removing gd32f30x_sdio.o(.ARM.exidx.text.sdio_ceata_interrupt_disable), (8 bytes).
    Removing gd32f30x_sdio.o(.text.sdio_ceata_command_completion_enable), (18 bytes).
    Removing gd32f30x_sdio.o(.ARM.exidx.text.sdio_ceata_command_completion_enable), (8 bytes).
    Removing gd32f30x_sdio.o(.text.sdio_ceata_command_completion_disable), (18 bytes).
    Removing gd32f30x_sdio.o(.ARM.exidx.text.sdio_ceata_command_completion_disable), (8 bytes).
    Removing gd32f30x_spi.o(.text), (0 bytes).
    Removing gd32f30x_spi.o(.text.spi_i2s_deinit), (116 bytes).
    Removing gd32f30x_spi.o(.ARM.exidx.text.spi_i2s_deinit), (8 bytes).
    Removing gd32f30x_spi.o(.text.spi_struct_para_init), (38 bytes).
    Removing gd32f30x_spi.o(.ARM.exidx.text.spi_struct_para_init), (8 bytes).
    Removing gd32f30x_spi.o(.text.spi_init), (114 bytes).
    Removing gd32f30x_spi.o(.ARM.exidx.text.spi_init), (8 bytes).
    Removing gd32f30x_spi.o(.text.spi_enable), (18 bytes).
    Removing gd32f30x_spi.o(.ARM.exidx.text.spi_enable), (8 bytes).
    Removing gd32f30x_spi.o(.text.spi_disable), (18 bytes).
    Removing gd32f30x_spi.o(.ARM.exidx.text.spi_disable), (8 bytes).
    Removing gd32f30x_spi.o(.text.i2s_init), (72 bytes).
    Removing gd32f30x_spi.o(.ARM.exidx.text.i2s_init), (8 bytes).
    Removing gd32f30x_spi.o(.text.i2s_psc_config), (246 bytes).
    Removing gd32f30x_spi.o(.ARM.exidx.text.i2s_psc_config), (8 bytes).
    Removing gd32f30x_spi.o(.text.i2s_enable), (18 bytes).
    Removing gd32f30x_spi.o(.ARM.exidx.text.i2s_enable), (8 bytes).
    Removing gd32f30x_spi.o(.text.i2s_disable), (18 bytes).
    Removing gd32f30x_spi.o(.ARM.exidx.text.i2s_disable), (8 bytes).
    Removing gd32f30x_spi.o(.text.spi_nss_output_enable), (18 bytes).
    Removing gd32f30x_spi.o(.ARM.exidx.text.spi_nss_output_enable), (8 bytes).
    Removing gd32f30x_spi.o(.text.spi_nss_output_disable), (18 bytes).
    Removing gd32f30x_spi.o(.ARM.exidx.text.spi_nss_output_disable), (8 bytes).
    Removing gd32f30x_spi.o(.text.spi_nss_internal_high), (18 bytes).
    Removing gd32f30x_spi.o(.ARM.exidx.text.spi_nss_internal_high), (8 bytes).
    Removing gd32f30x_spi.o(.text.spi_nss_internal_low), (18 bytes).
    Removing gd32f30x_spi.o(.ARM.exidx.text.spi_nss_internal_low), (8 bytes).
    Removing gd32f30x_spi.o(.text.spi_dma_enable), (44 bytes).
    Removing gd32f30x_spi.o(.ARM.exidx.text.spi_dma_enable), (8 bytes).
    Removing gd32f30x_spi.o(.text.spi_dma_disable), (44 bytes).
    Removing gd32f30x_spi.o(.ARM.exidx.text.spi_dma_disable), (8 bytes).
    Removing gd32f30x_spi.o(.text.spi_i2s_data_frame_format_config), (34 bytes).
    Removing gd32f30x_spi.o(.ARM.exidx.text.spi_i2s_data_frame_format_config), (8 bytes).
    Removing gd32f30x_spi.o(.text.spi_i2s_data_transmit), (20 bytes).
    Removing gd32f30x_spi.o(.ARM.exidx.text.spi_i2s_data_transmit), (8 bytes).
    Removing gd32f30x_spi.o(.text.spi_i2s_data_receive), (14 bytes).
    Removing gd32f30x_spi.o(.ARM.exidx.text.spi_i2s_data_receive), (8 bytes).
    Removing gd32f30x_spi.o(.text.spi_bidirectional_transfer_config), (44 bytes).
    Removing gd32f30x_spi.o(.ARM.exidx.text.spi_bidirectional_transfer_config), (8 bytes).
    Removing gd32f30x_spi.o(.text.spi_crc_polynomial_set), (20 bytes).
    Removing gd32f30x_spi.o(.ARM.exidx.text.spi_crc_polynomial_set), (8 bytes).
    Removing gd32f30x_spi.o(.text.spi_crc_polynomial_get), (14 bytes).
    Removing gd32f30x_spi.o(.ARM.exidx.text.spi_crc_polynomial_get), (8 bytes).
    Removing gd32f30x_spi.o(.text.spi_crc_on), (18 bytes).
    Removing gd32f30x_spi.o(.ARM.exidx.text.spi_crc_on), (8 bytes).
    Removing gd32f30x_spi.o(.text.spi_crc_off), (18 bytes).
    Removing gd32f30x_spi.o(.ARM.exidx.text.spi_crc_off), (8 bytes).
    Removing gd32f30x_spi.o(.text.spi_crc_next), (18 bytes).
    Removing gd32f30x_spi.o(.ARM.exidx.text.spi_crc_next), (8 bytes).
    Removing gd32f30x_spi.o(.text.spi_crc_get), (44 bytes).
    Removing gd32f30x_spi.o(.ARM.exidx.text.spi_crc_get), (8 bytes).
    Removing gd32f30x_spi.o(.text.spi_ti_mode_enable), (18 bytes).
    Removing gd32f30x_spi.o(.ARM.exidx.text.spi_ti_mode_enable), (8 bytes).
    Removing gd32f30x_spi.o(.text.spi_ti_mode_disable), (18 bytes).
    Removing gd32f30x_spi.o(.ARM.exidx.text.spi_ti_mode_disable), (8 bytes).
    Removing gd32f30x_spi.o(.text.spi_nssp_mode_enable), (18 bytes).
    Removing gd32f30x_spi.o(.ARM.exidx.text.spi_nssp_mode_enable), (8 bytes).
    Removing gd32f30x_spi.o(.text.spi_nssp_mode_disable), (18 bytes).
    Removing gd32f30x_spi.o(.ARM.exidx.text.spi_nssp_mode_disable), (8 bytes).
    Removing gd32f30x_spi.o(.text.qspi_enable), (22 bytes).
    Removing gd32f30x_spi.o(.ARM.exidx.text.qspi_enable), (8 bytes).
    Removing gd32f30x_spi.o(.text.qspi_disable), (22 bytes).
    Removing gd32f30x_spi.o(.ARM.exidx.text.qspi_disable), (8 bytes).
    Removing gd32f30x_spi.o(.text.qspi_write_enable), (22 bytes).
    Removing gd32f30x_spi.o(.ARM.exidx.text.qspi_write_enable), (8 bytes).
    Removing gd32f30x_spi.o(.text.qspi_read_enable), (22 bytes).
    Removing gd32f30x_spi.o(.ARM.exidx.text.qspi_read_enable), (8 bytes).
    Removing gd32f30x_spi.o(.text.qspi_io23_output_enable), (22 bytes).
    Removing gd32f30x_spi.o(.ARM.exidx.text.qspi_io23_output_enable), (8 bytes).
    Removing gd32f30x_spi.o(.text.qspi_io23_output_disable), (22 bytes).
    Removing gd32f30x_spi.o(.ARM.exidx.text.qspi_io23_output_disable), (8 bytes).
    Removing gd32f30x_spi.o(.text.spi_i2s_interrupt_enable), (78 bytes).
    Removing gd32f30x_spi.o(.ARM.exidx.text.spi_i2s_interrupt_enable), (8 bytes).
    Removing gd32f30x_spi.o(.text.spi_i2s_interrupt_disable), (78 bytes).
    Removing gd32f30x_spi.o(.ARM.exidx.text.spi_i2s_interrupt_disable), (8 bytes).
    Removing gd32f30x_spi.o(.text.spi_i2s_interrupt_flag_get), (210 bytes).
    Removing gd32f30x_spi.o(.ARM.exidx.text.spi_i2s_interrupt_flag_get), (8 bytes).
    Removing gd32f30x_spi.o(.text.spi_i2s_flag_get), (42 bytes).
    Removing gd32f30x_spi.o(.ARM.exidx.text.spi_i2s_flag_get), (8 bytes).
    Removing gd32f30x_spi.o(.text.spi_crc_error_clear), (18 bytes).
    Removing gd32f30x_spi.o(.ARM.exidx.text.spi_crc_error_clear), (8 bytes).
    Removing gd32f30x_timer.o(.text), (0 bytes).
    Removing gd32f30x_timer.o(.text.timer_deinit), (280 bytes).
    Removing gd32f30x_timer.o(.ARM.exidx.text.timer_deinit), (8 bytes).
    Removing gd32f30x_timer.o(.text.timer_struct_para_init), (38 bytes).
    Removing gd32f30x_timer.o(.ARM.exidx.text.timer_struct_para_init), (8 bytes).
    Removing gd32f30x_timer.o(.text.timer_init), (260 bytes).
    Removing gd32f30x_timer.o(.ARM.exidx.text.timer_init), (8 bytes).
    Removing gd32f30x_timer.o(.text.timer_enable), (18 bytes).
    Removing gd32f30x_timer.o(.ARM.exidx.text.timer_enable), (8 bytes).
    Removing gd32f30x_timer.o(.text.timer_disable), (18 bytes).
    Removing gd32f30x_timer.o(.ARM.exidx.text.timer_disable), (8 bytes).
    Removing gd32f30x_timer.o(.text.timer_auto_reload_shadow_enable), (18 bytes).
    Removing gd32f30x_timer.o(.ARM.exidx.text.timer_auto_reload_shadow_enable), (8 bytes).
    Removing gd32f30x_timer.o(.text.timer_auto_reload_shadow_disable), (18 bytes).
    Removing gd32f30x_timer.o(.ARM.exidx.text.timer_auto_reload_shadow_disable), (8 bytes).
    Removing gd32f30x_timer.o(.text.timer_update_event_enable), (18 bytes).
    Removing gd32f30x_timer.o(.ARM.exidx.text.timer_update_event_enable), (8 bytes).
    Removing gd32f30x_timer.o(.text.timer_update_event_disable), (18 bytes).
    Removing gd32f30x_timer.o(.ARM.exidx.text.timer_update_event_disable), (8 bytes).
    Removing gd32f30x_timer.o(.text.timer_counter_alignment), (34 bytes).
    Removing gd32f30x_timer.o(.ARM.exidx.text.timer_counter_alignment), (8 bytes).
    Removing gd32f30x_timer.o(.text.timer_counter_up_direction), (18 bytes).
    Removing gd32f30x_timer.o(.ARM.exidx.text.timer_counter_up_direction), (8 bytes).
    Removing gd32f30x_timer.o(.text.timer_counter_down_direction), (18 bytes).
    Removing gd32f30x_timer.o(.ARM.exidx.text.timer_counter_down_direction), (8 bytes).
    Removing gd32f30x_timer.o(.text.timer_prescaler_config), (44 bytes).
    Removing gd32f30x_timer.o(.ARM.exidx.text.timer_prescaler_config), (8 bytes).
    Removing gd32f30x_timer.o(.text.timer_repetition_value_config), (20 bytes).
    Removing gd32f30x_timer.o(.ARM.exidx.text.timer_repetition_value_config), (8 bytes).
    Removing gd32f30x_timer.o(.text.timer_autoreload_value_config), (20 bytes).
    Removing gd32f30x_timer.o(.ARM.exidx.text.timer_autoreload_value_config), (8 bytes).
    Removing gd32f30x_timer.o(.text.timer_counter_value_config), (20 bytes).
    Removing gd32f30x_timer.o(.ARM.exidx.text.timer_counter_value_config), (8 bytes).
    Removing gd32f30x_timer.o(.text.timer_counter_read), (20 bytes).
    Removing gd32f30x_timer.o(.ARM.exidx.text.timer_counter_read), (8 bytes).
    Removing gd32f30x_timer.o(.text.timer_prescaler_read), (26 bytes).
    Removing gd32f30x_timer.o(.ARM.exidx.text.timer_prescaler_read), (8 bytes).
    Removing gd32f30x_timer.o(.text.timer_single_pulse_mode_config), (52 bytes).
    Removing gd32f30x_timer.o(.ARM.exidx.text.timer_single_pulse_mode_config), (8 bytes).
    Removing gd32f30x_timer.o(.text.timer_update_source_config), (52 bytes).
    Removing gd32f30x_timer.o(.ARM.exidx.text.timer_update_source_config), (8 bytes).
    Removing gd32f30x_timer.o(.text.timer_interrupt_enable), (20 bytes).
    Removing gd32f30x_timer.o(.ARM.exidx.text.timer_interrupt_enable), (8 bytes).
    Removing gd32f30x_timer.o(.text.timer_interrupt_disable), (20 bytes).
    Removing gd32f30x_timer.o(.ARM.exidx.text.timer_interrupt_disable), (8 bytes).
    Removing gd32f30x_timer.o(.text.timer_interrupt_flag_get), (58 bytes).
    Removing gd32f30x_timer.o(.ARM.exidx.text.timer_interrupt_flag_get), (8 bytes).
    Removing gd32f30x_timer.o(.text.timer_interrupt_flag_clear), (18 bytes).
    Removing gd32f30x_timer.o(.ARM.exidx.text.timer_interrupt_flag_clear), (8 bytes).
    Removing gd32f30x_timer.o(.text.timer_flag_get), (42 bytes).
    Removing gd32f30x_timer.o(.ARM.exidx.text.timer_flag_get), (8 bytes).
    Removing gd32f30x_timer.o(.text.timer_flag_clear), (18 bytes).
    Removing gd32f30x_timer.o(.ARM.exidx.text.timer_flag_clear), (8 bytes).
    Removing gd32f30x_timer.o(.text.timer_dma_enable), (24 bytes).
    Removing gd32f30x_timer.o(.ARM.exidx.text.timer_dma_enable), (8 bytes).
    Removing gd32f30x_timer.o(.text.timer_dma_disable), (24 bytes).
    Removing gd32f30x_timer.o(.ARM.exidx.text.timer_dma_disable), (8 bytes).
    Removing gd32f30x_timer.o(.text.timer_channel_dma_request_source_select), (58 bytes).
    Removing gd32f30x_timer.o(.ARM.exidx.text.timer_channel_dma_request_source_select), (8 bytes).
    Removing gd32f30x_timer.o(.text.timer_dma_transfer_config), (40 bytes).
    Removing gd32f30x_timer.o(.ARM.exidx.text.timer_dma_transfer_config), (8 bytes).
    Removing gd32f30x_timer.o(.text.timer_event_software_generate), (24 bytes).
    Removing gd32f30x_timer.o(.ARM.exidx.text.timer_event_software_generate), (8 bytes).
    Removing gd32f30x_timer.o(.text.timer_break_struct_para_init), (38 bytes).
    Removing gd32f30x_timer.o(.ARM.exidx.text.timer_break_struct_para_init), (8 bytes).
    Removing gd32f30x_timer.o(.text.timer_break_config), (42 bytes).
    Removing gd32f30x_timer.o(.ARM.exidx.text.timer_break_config), (8 bytes).
    Removing gd32f30x_timer.o(.text.timer_break_enable), (18 bytes).
    Removing gd32f30x_timer.o(.ARM.exidx.text.timer_break_enable), (8 bytes).
    Removing gd32f30x_timer.o(.text.timer_break_disable), (18 bytes).
    Removing gd32f30x_timer.o(.ARM.exidx.text.timer_break_disable), (8 bytes).
    Removing gd32f30x_timer.o(.text.timer_automatic_output_enable), (18 bytes).
    Removing gd32f30x_timer.o(.ARM.exidx.text.timer_automatic_output_enable), (8 bytes).
    Removing gd32f30x_timer.o(.text.timer_automatic_output_disable), (18 bytes).
    Removing gd32f30x_timer.o(.ARM.exidx.text.timer_automatic_output_disable), (8 bytes).
    Removing gd32f30x_timer.o(.text.timer_primary_output_config), (46 bytes).
    Removing gd32f30x_timer.o(.ARM.exidx.text.timer_primary_output_config), (8 bytes).
    Removing gd32f30x_timer.o(.text.timer_channel_control_shadow_config), (46 bytes).
    Removing gd32f30x_timer.o(.ARM.exidx.text.timer_channel_control_shadow_config), (8 bytes).
    Removing gd32f30x_timer.o(.text.timer_channel_control_shadow_update_config), (58 bytes).
    Removing gd32f30x_timer.o(.ARM.exidx.text.timer_channel_control_shadow_update_config), (8 bytes).
    Removing gd32f30x_timer.o(.text.timer_channel_output_struct_para_init), (34 bytes).
    Removing gd32f30x_timer.o(.ARM.exidx.text.timer_channel_output_struct_para_init), (8 bytes).
    Removing gd32f30x_timer.o(.text.timer_channel_output_config), (720 bytes).
    Removing gd32f30x_timer.o(.ARM.exidx.text.timer_channel_output_config), (8 bytes).
    Removing gd32f30x_timer.o(.text.timer_channel_output_mode_config), (140 bytes).
    Removing gd32f30x_timer.o(.ARM.exidx.text.timer_channel_output_mode_config), (8 bytes).
    Removing gd32f30x_timer.o(.text.timer_channel_output_pulse_value_config), (70 bytes).
    Removing gd32f30x_timer.o(.ARM.exidx.text.timer_channel_output_pulse_value_config), (8 bytes).
    Removing gd32f30x_timer.o(.text.timer_channel_output_shadow_config), (140 bytes).
    Removing gd32f30x_timer.o(.ARM.exidx.text.timer_channel_output_shadow_config), (8 bytes).
    Removing gd32f30x_timer.o(.text.timer_channel_output_fast_config), (140 bytes).
    Removing gd32f30x_timer.o(.ARM.exidx.text.timer_channel_output_fast_config), (8 bytes).
    Removing gd32f30x_timer.o(.text.timer_channel_output_clear_config), (140 bytes).
    Removing gd32f30x_timer.o(.ARM.exidx.text.timer_channel_output_clear_config), (8 bytes).
    Removing gd32f30x_timer.o(.text.timer_channel_output_polarity_config), (142 bytes).
    Removing gd32f30x_timer.o(.ARM.exidx.text.timer_channel_output_polarity_config), (8 bytes).
    Removing gd32f30x_timer.o(.text.timer_channel_complementary_output_polarity_config), (122 bytes).
    Removing gd32f30x_timer.o(.ARM.exidx.text.timer_channel_complementary_output_polarity_config), (8 bytes).
    Removing gd32f30x_timer.o(.text.timer_channel_output_state_config), (132 bytes).
    Removing gd32f30x_timer.o(.ARM.exidx.text.timer_channel_output_state_config), (8 bytes).
    Removing gd32f30x_timer.o(.text.timer_channel_complementary_output_state_config), (122 bytes).
    Removing gd32f30x_timer.o(.ARM.exidx.text.timer_channel_complementary_output_state_config), (8 bytes).
    Removing gd32f30x_timer.o(.text.timer_channel_input_struct_para_init), (28 bytes).
    Removing gd32f30x_timer.o(.ARM.exidx.text.timer_channel_input_struct_para_init), (8 bytes).
    Removing gd32f30x_timer.o(.text.timer_input_capture_config), (426 bytes).
    Removing gd32f30x_timer.o(.ARM.exidx.text.timer_input_capture_config), (8 bytes).
    Removing gd32f30x_timer.o(.text.timer_channel_input_capture_prescaler_config), (140 bytes).
    Removing gd32f30x_timer.o(.ARM.exidx.text.timer_channel_input_capture_prescaler_config), (8 bytes).
    Removing gd32f30x_timer.o(.text.timer_channel_capture_value_register_read), (74 bytes).
    Removing gd32f30x_timer.o(.ARM.exidx.text.timer_channel_capture_value_register_read), (8 bytes).
    Removing gd32f30x_timer.o(.text.timer_input_pwm_capture_config), (498 bytes).
    Removing gd32f30x_timer.o(.ARM.exidx.text.timer_input_pwm_capture_config), (8 bytes).
    Removing gd32f30x_timer.o(.text.timer_hall_mode_config), (52 bytes).
    Removing gd32f30x_timer.o(.ARM.exidx.text.timer_hall_mode_config), (8 bytes).
    Removing gd32f30x_timer.o(.text.timer_input_trigger_source_select), (30 bytes).
    Removing gd32f30x_timer.o(.ARM.exidx.text.timer_input_trigger_source_select), (8 bytes).
    Removing gd32f30x_timer.o(.text.timer_master_output_trigger_source_select), (30 bytes).
    Removing gd32f30x_timer.o(.ARM.exidx.text.timer_master_output_trigger_source_select), (8 bytes).
    Removing gd32f30x_timer.o(.text.timer_slave_mode_select), (30 bytes).
    Removing gd32f30x_timer.o(.ARM.exidx.text.timer_slave_mode_select), (8 bytes).
    Removing gd32f30x_timer.o(.text.timer_master_slave_mode_config), (52 bytes).
    Removing gd32f30x_timer.o(.ARM.exidx.text.timer_master_slave_mode_config), (8 bytes).
    Removing gd32f30x_timer.o(.text.timer_external_trigger_config), (52 bytes).
    Removing gd32f30x_timer.o(.ARM.exidx.text.timer_external_trigger_config), (8 bytes).
    Removing gd32f30x_timer.o(.text.timer_quadrature_decoder_mode_config), (102 bytes).
    Removing gd32f30x_timer.o(.ARM.exidx.text.timer_quadrature_decoder_mode_config), (8 bytes).
    Removing gd32f30x_timer.o(.text.timer_internal_clock_config), (18 bytes).
    Removing gd32f30x_timer.o(.ARM.exidx.text.timer_internal_clock_config), (8 bytes).
    Removing gd32f30x_timer.o(.text.timer_internal_trigger_as_external_clock_config), (40 bytes).
    Removing gd32f30x_timer.o(.ARM.exidx.text.timer_internal_trigger_as_external_clock_config), (8 bytes).
    Removing gd32f30x_timer.o(.text.timer_external_trigger_as_external_clock_config), (228 bytes).
    Removing gd32f30x_timer.o(.ARM.exidx.text.timer_external_trigger_as_external_clock_config), (8 bytes).
    Removing gd32f30x_timer.o(.text.timer_external_clock_mode0_config), (48 bytes).
    Removing gd32f30x_timer.o(.ARM.exidx.text.timer_external_clock_mode0_config), (8 bytes).
    Removing gd32f30x_timer.o(.text.timer_external_clock_mode1_config), (38 bytes).
    Removing gd32f30x_timer.o(.ARM.exidx.text.timer_external_clock_mode1_config), (8 bytes).
    Removing gd32f30x_timer.o(.text.timer_external_clock_mode1_disable), (18 bytes).
    Removing gd32f30x_timer.o(.ARM.exidx.text.timer_external_clock_mode1_disable), (8 bytes).
    Removing gd32f30x_timer.o(.text.timer_write_chxval_register_config), (66 bytes).
    Removing gd32f30x_timer.o(.ARM.exidx.text.timer_write_chxval_register_config), (8 bytes).
    Removing gd32f30x_timer.o(.text.timer_output_value_selection_config), (66 bytes).
    Removing gd32f30x_timer.o(.ARM.exidx.text.timer_output_value_selection_config), (8 bytes).
    Removing gd32f30x_usart.o(.text), (0 bytes).
    Removing gd32f30x_usart.o(.text.usart_deinit), (184 bytes).
    Removing gd32f30x_usart.o(.ARM.exidx.text.usart_deinit), (8 bytes).
    Removing gd32f30x_usart.o(.text.usart_baudrate_set), (202 bytes).
    Removing gd32f30x_usart.o(.ARM.exidx.text.usart_baudrate_set), (8 bytes).
    Removing gd32f30x_usart.o(.text.usart_parity_config), (30 bytes).
    Removing gd32f30x_usart.o(.ARM.exidx.text.usart_parity_config), (8 bytes).
    Removing gd32f30x_usart.o(.text.usart_word_length_set), (30 bytes).
    Removing gd32f30x_usart.o(.ARM.exidx.text.usart_word_length_set), (8 bytes).
    Removing gd32f30x_usart.o(.text.usart_stop_bit_set), (30 bytes).
    Removing gd32f30x_usart.o(.ARM.exidx.text.usart_stop_bit_set), (8 bytes).
    Removing gd32f30x_usart.o(.text.usart_enable), (18 bytes).
    Removing gd32f30x_usart.o(.ARM.exidx.text.usart_enable), (8 bytes).
    Removing gd32f30x_usart.o(.text.usart_disable), (18 bytes).
    Removing gd32f30x_usart.o(.ARM.exidx.text.usart_disable), (8 bytes).
    Removing gd32f30x_usart.o(.text.usart_transmit_config), (42 bytes).
    Removing gd32f30x_usart.o(.ARM.exidx.text.usart_transmit_config), (8 bytes).
    Removing gd32f30x_usart.o(.text.usart_receive_config), (42 bytes).
    Removing gd32f30x_usart.o(.ARM.exidx.text.usart_receive_config), (8 bytes).
    Removing gd32f30x_usart.o(.text.usart_data_first_config), (38 bytes).
    Removing gd32f30x_usart.o(.ARM.exidx.text.usart_data_first_config), (8 bytes).
    Removing gd32f30x_usart.o(.text.usart_invert_config), (134 bytes).
    Removing gd32f30x_usart.o(.ARM.exidx.text.usart_invert_config), (8 bytes).
    Removing gd32f30x_usart.o(.text.usart_receiver_timeout_enable), (22 bytes).
    Removing gd32f30x_usart.o(.ARM.exidx.text.usart_receiver_timeout_enable), (8 bytes).
    Removing gd32f30x_usart.o(.text.usart_receiver_timeout_disable), (22 bytes).
    Removing gd32f30x_usart.o(.ARM.exidx.text.usart_receiver_timeout_disable), (8 bytes).
    Removing gd32f30x_usart.o(.text.usart_receiver_timeout_threshold_config), (38 bytes).
    Removing gd32f30x_usart.o(.ARM.exidx.text.usart_receiver_timeout_threshold_config), (8 bytes).
    Removing gd32f30x_usart.o(.text.usart_data_transmit), (20 bytes).
    Removing gd32f30x_usart.o(.ARM.exidx.text.usart_data_transmit), (8 bytes).
    Removing gd32f30x_usart.o(.text.usart_data_receive), (16 bytes).
    Removing gd32f30x_usart.o(.ARM.exidx.text.usart_data_receive), (8 bytes).
    Removing gd32f30x_usart.o(.text.usart_address_config), (38 bytes).
    Removing gd32f30x_usart.o(.ARM.exidx.text.usart_address_config), (8 bytes).
    Removing gd32f30x_usart.o(.text.usart_mute_mode_enable), (18 bytes).
    Removing gd32f30x_usart.o(.ARM.exidx.text.usart_mute_mode_enable), (8 bytes).
    Removing gd32f30x_usart.o(.text.usart_mute_mode_disable), (18 bytes).
    Removing gd32f30x_usart.o(.ARM.exidx.text.usart_mute_mode_disable), (8 bytes).
    Removing gd32f30x_usart.o(.text.usart_mute_mode_wakeup_config), (30 bytes).
    Removing gd32f30x_usart.o(.ARM.exidx.text.usart_mute_mode_wakeup_config), (8 bytes).
    Removing gd32f30x_usart.o(.text.usart_lin_mode_enable), (18 bytes).
    Removing gd32f30x_usart.o(.ARM.exidx.text.usart_lin_mode_enable), (8 bytes).
    Removing gd32f30x_usart.o(.text.usart_lin_mode_disable), (18 bytes).
    Removing gd32f30x_usart.o(.ARM.exidx.text.usart_lin_mode_disable), (8 bytes).
    Removing gd32f30x_usart.o(.text.usart_lin_break_detection_length_config), (34 bytes).
    Removing gd32f30x_usart.o(.ARM.exidx.text.usart_lin_break_detection_length_config), (8 bytes).
    Removing gd32f30x_usart.o(.text.usart_send_break), (18 bytes).
    Removing gd32f30x_usart.o(.ARM.exidx.text.usart_send_break), (8 bytes).
    Removing gd32f30x_usart.o(.text.usart_halfduplex_enable), (18 bytes).
    Removing gd32f30x_usart.o(.ARM.exidx.text.usart_halfduplex_enable), (8 bytes).
    Removing gd32f30x_usart.o(.text.usart_halfduplex_disable), (18 bytes).
    Removing gd32f30x_usart.o(.ARM.exidx.text.usart_halfduplex_disable), (8 bytes).
    Removing gd32f30x_usart.o(.text.usart_synchronous_clock_enable), (18 bytes).
    Removing gd32f30x_usart.o(.ARM.exidx.text.usart_synchronous_clock_enable), (8 bytes).
    Removing gd32f30x_usart.o(.text.usart_synchronous_clock_disable), (18 bytes).
    Removing gd32f30x_usart.o(.ARM.exidx.text.usart_synchronous_clock_disable), (8 bytes).
    Removing gd32f30x_usart.o(.text.usart_synchronous_clock_config), (66 bytes).
    Removing gd32f30x_usart.o(.ARM.exidx.text.usart_synchronous_clock_config), (8 bytes).
    Removing gd32f30x_usart.o(.text.usart_guard_time_config), (34 bytes).
    Removing gd32f30x_usart.o(.ARM.exidx.text.usart_guard_time_config), (8 bytes).
    Removing gd32f30x_usart.o(.text.usart_smartcard_mode_enable), (18 bytes).
    Removing gd32f30x_usart.o(.ARM.exidx.text.usart_smartcard_mode_enable), (8 bytes).
    Removing gd32f30x_usart.o(.text.usart_smartcard_mode_disable), (18 bytes).
    Removing gd32f30x_usart.o(.ARM.exidx.text.usart_smartcard_mode_disable), (8 bytes).
    Removing gd32f30x_usart.o(.text.usart_smartcard_mode_nack_enable), (18 bytes).
    Removing gd32f30x_usart.o(.ARM.exidx.text.usart_smartcard_mode_nack_enable), (8 bytes).
    Removing gd32f30x_usart.o(.text.usart_smartcard_mode_nack_disable), (18 bytes).
    Removing gd32f30x_usart.o(.ARM.exidx.text.usart_smartcard_mode_nack_disable), (8 bytes).
    Removing gd32f30x_usart.o(.text.usart_smartcard_autoretry_config), (44 bytes).
    Removing gd32f30x_usart.o(.ARM.exidx.text.usart_smartcard_autoretry_config), (8 bytes).
    Removing gd32f30x_usart.o(.text.usart_block_length_config), (40 bytes).
    Removing gd32f30x_usart.o(.ARM.exidx.text.usart_block_length_config), (8 bytes).
    Removing gd32f30x_usart.o(.text.usart_irda_mode_enable), (18 bytes).
    Removing gd32f30x_usart.o(.ARM.exidx.text.usart_irda_mode_enable), (8 bytes).
    Removing gd32f30x_usart.o(.text.usart_irda_mode_disable), (18 bytes).
    Removing gd32f30x_usart.o(.ARM.exidx.text.usart_irda_mode_disable), (8 bytes).
    Removing gd32f30x_usart.o(.text.usart_prescaler_config), (34 bytes).
    Removing gd32f30x_usart.o(.ARM.exidx.text.usart_prescaler_config), (8 bytes).
    Removing gd32f30x_usart.o(.text.usart_irda_lowpower_config), (34 bytes).
    Removing gd32f30x_usart.o(.ARM.exidx.text.usart_irda_lowpower_config), (8 bytes).
    Removing gd32f30x_usart.o(.text.usart_hardware_flow_rts_config), (42 bytes).
    Removing gd32f30x_usart.o(.ARM.exidx.text.usart_hardware_flow_rts_config), (8 bytes).
    Removing gd32f30x_usart.o(.text.usart_hardware_flow_cts_config), (42 bytes).
    Removing gd32f30x_usart.o(.ARM.exidx.text.usart_hardware_flow_cts_config), (8 bytes).
    Removing gd32f30x_usart.o(.text.usart_dma_receive_config), (42 bytes).
    Removing gd32f30x_usart.o(.ARM.exidx.text.usart_dma_receive_config), (8 bytes).
    Removing gd32f30x_usart.o(.text.usart_dma_transmit_config), (42 bytes).
    Removing gd32f30x_usart.o(.ARM.exidx.text.usart_dma_transmit_config), (8 bytes).
    Removing gd32f30x_usart.o(.text.usart_flag_get), (58 bytes).
    Removing gd32f30x_usart.o(.ARM.exidx.text.usart_flag_get), (8 bytes).
    Removing gd32f30x_usart.o(.text.usart_flag_clear), (36 bytes).
    Removing gd32f30x_usart.o(.ARM.exidx.text.usart_flag_clear), (8 bytes).
    Removing gd32f30x_usart.o(.text.usart_interrupt_enable), (36 bytes).
    Removing gd32f30x_usart.o(.ARM.exidx.text.usart_interrupt_enable), (8 bytes).
    Removing gd32f30x_usart.o(.text.usart_interrupt_disable), (36 bytes).
    Removing gd32f30x_usart.o(.ARM.exidx.text.usart_interrupt_disable), (8 bytes).
    Removing gd32f30x_usart.o(.text.usart_interrupt_flag_get), (94 bytes).
    Removing gd32f30x_usart.o(.ARM.exidx.text.usart_interrupt_flag_get), (8 bytes).
    Removing gd32f30x_usart.o(.text.usart_interrupt_flag_clear), (32 bytes).
    Removing gd32f30x_usart.o(.ARM.exidx.text.usart_interrupt_flag_clear), (8 bytes).
    Removing gd32f30x_wwdgt.o(.text), (0 bytes).
    Removing gd32f30x_wwdgt.o(.text.wwdgt_deinit), (24 bytes).
    Removing gd32f30x_wwdgt.o(.ARM.exidx.text.wwdgt_deinit), (8 bytes).
    Removing gd32f30x_wwdgt.o(.text.wwdgt_enable), (18 bytes).
    Removing gd32f30x_wwdgt.o(.ARM.exidx.text.wwdgt_enable), (8 bytes).
    Removing gd32f30x_wwdgt.o(.text.wwdgt_counter_update), (28 bytes).
    Removing gd32f30x_wwdgt.o(.ARM.exidx.text.wwdgt_counter_update), (8 bytes).
    Removing gd32f30x_wwdgt.o(.text.wwdgt_config), (56 bytes).
    Removing gd32f30x_wwdgt.o(.ARM.exidx.text.wwdgt_config), (8 bytes).
    Removing gd32f30x_wwdgt.o(.text.wwdgt_interrupt_enable), (18 bytes).
    Removing gd32f30x_wwdgt.o(.ARM.exidx.text.wwdgt_interrupt_enable), (8 bytes).
    Removing gd32f30x_wwdgt.o(.text.wwdgt_flag_get), (42 bytes).
    Removing gd32f30x_wwdgt.o(.ARM.exidx.text.wwdgt_flag_get), (8 bytes).
    Removing gd32f30x_wwdgt.o(.text.wwdgt_flag_clear), (14 bytes).
    Removing gd32f30x_wwdgt.o(.ARM.exidx.text.wwdgt_flag_clear), (8 bytes).

1233 unused section(s) (total 42124 bytes) removed from the image.

==============================================================================

Image Symbol Table

    Local Symbols

    Symbol Name                              Value     Ov Type        Size  Object(Section)

    ../clib/angel/boardlib.s                 0x00000000   Number         0  boardinit1.o ABSOLUTE
    ../clib/angel/boardlib.s                 0x00000000   Number         0  boardinit2.o ABSOLUTE
    ../clib/angel/boardlib.s                 0x00000000   Number         0  boardinit3.o ABSOLUTE
    ../clib/angel/boardlib.s                 0x00000000   Number         0  boardshut.o ABSOLUTE
    ../clib/angel/handlers.s                 0x00000000   Number         0  __scatter_copy.o ABSOLUTE
    ../clib/angel/handlers.s                 0x00000000   Number         0  __scatter_zi.o ABSOLUTE
    ../clib/angel/kernel.s                   0x00000000   Number         0  __rtentry.o ABSOLUTE
    ../clib/angel/kernel.s                   0x00000000   Number         0  __rtentry2.o ABSOLUTE
    ../clib/angel/kernel.s                   0x00000000   Number         0  __rtentry4.o ABSOLUTE
    ../clib/angel/kernel.s                   0x00000000   Number         0  rtexit.o ABSOLUTE
    ../clib/angel/kernel.s                   0x00000000   Number         0  rtexit2.o ABSOLUTE
    ../clib/angel/rt.s                       0x00000000   Number         0  rt_raise.o ABSOLUTE
    ../clib/angel/scatter.s                  0x00000000   Number         0  __scatter.o ABSOLUTE
    ../clib/angel/startup.s                  0x00000000   Number         0  __main.o ABSOLUTE
    ../clib/angel/sys.s                      0x00000000   Number         0  sys_stackheap_outer.o ABSOLUTE
    ../clib/angel/sys.s                      0x00000000   Number         0  libspace.o ABSOLUTE
    ../clib/angel/sys.s                      0x00000000   Number         0  use_no_semi.o ABSOLUTE
    ../clib/angel/sys.s                      0x00000000   Number         0  indicate_semi.o ABSOLUTE
    ../clib/angel/sysapp.c                   0x00000000   Number         0  sys_exit.o ABSOLUTE
    ../clib/angel/sysapp.c                   0x00000000   Number         0  sys_exit_hlt.o ABSOLUTE
    ../clib/angel/sysapp.c                   0x00000000   Number         0  sys_command.o ABSOLUTE
    ../clib/angel/sysapp.c                   0x00000000   Number         0  sys_command_hlt.o ABSOLUTE
    ../clib/angel/sysapp.c                   0x00000000   Number         0  sys_wrch.o ABSOLUTE
    ../clib/angel/sysapp.c                   0x00000000   Number         0  sys_wrch_hlt.o ABSOLUTE
    ../clib/armsys.c                         0x00000000   Number         0  argv_veneer.o ABSOLUTE
    ../clib/armsys.c                         0x00000000   Number         0  argv_veneer.o ABSOLUTE
    ../clib/armsys.c                         0x00000000   Number         0  _get_argv_nomalloc.o ABSOLUTE
    ../clib/armsys.c                         0x00000000   Number         0  no_argv.o ABSOLUTE
    ../clib/heapalloc.c                      0x00000000   Number         0  hrguard.o ABSOLUTE
    ../clib/heapaux.c                        0x00000000   Number         0  heapauxi.o ABSOLUTE
    ../clib/libinit.s                        0x00000000   Number         0  libinit.o ABSOLUTE
    ../clib/libinit.s                        0x00000000   Number         0  libinit2.o ABSOLUTE
    ../clib/libinit.s                        0x00000000   Number         0  libshutdown.o ABSOLUTE
    ../clib/libinit.s                        0x00000000   Number         0  libshutdown2.o ABSOLUTE
    ../clib/signal.c                         0x00000000   Number         0  defsig_rtmem_outer.o ABSOLUTE
    ../clib/signal.c                         0x00000000   Number         0  defsig_rtmem_formal.o ABSOLUTE
    ../clib/signal.c                         0x00000000   Number         0  defsig_exit.o ABSOLUTE
    ../clib/signal.c                         0x00000000   Number         0  defsig_rtmem_inner.o ABSOLUTE
    ../clib/signal.c                         0x00000000   Number         0  __raise.o ABSOLUTE
    ../clib/signal.c                         0x00000000   Number         0  defsig_general.o ABSOLUTE
    ../clib/signal.c                         0x00000000   Number         0  defsig_abrt_inner.o ABSOLUTE
    ../clib/signal.c                         0x00000000   Number         0  defsig_fpe_inner.o ABSOLUTE
    ../clib/signal.c                         0x00000000   Number         0  defsig_rtred_inner.o ABSOLUTE
    ../clib/signal.c                         0x00000000   Number         0  defsig_stak_inner.o ABSOLUTE
    ../clib/signal.c                         0x00000000   Number         0  defsig_pvfn_inner.o ABSOLUTE
    ../clib/signal.c                         0x00000000   Number         0  defsig_cppl_inner.o ABSOLUTE
    ../clib/signal.c                         0x00000000   Number         0  defsig_segv_inner.o ABSOLUTE
    ../clib/signal.c                         0x00000000   Number         0  defsig_other.o ABSOLUTE
    ../clib/signal.s                         0x00000000   Number         0  defsig.o ABSOLUTE
    ../clib/stdlib.c                         0x00000000   Number         0  exit.o ABSOLUTE
    ../code/device/CMSIS/Source/startup_gd32f30x_hd.s 0x00000000   Number         0  startup_gd32f30x_hd.o ABSOLUTE
    ../fplib/fpinit.s                        0x00000000   Number         0  fpinit.o ABSOLUTE
    dc.s                                     0x00000000   Number         0  dc.o ABSOLUTE
    gd32f30x_adc.c                           0x00000000   Number         0  gd32f30x_adc.o ABSOLUTE
    gd32f30x_bkp.c                           0x00000000   Number         0  gd32f30x_bkp.o ABSOLUTE
    gd32f30x_can.c                           0x00000000   Number         0  gd32f30x_can.o ABSOLUTE
    gd32f30x_crc.c                           0x00000000   Number         0  gd32f30x_crc.o ABSOLUTE
    gd32f30x_ctc.c                           0x00000000   Number         0  gd32f30x_ctc.o ABSOLUTE
    gd32f30x_dac.c                           0x00000000   Number         0  gd32f30x_dac.o ABSOLUTE
    gd32f30x_dbg.c                           0x00000000   Number         0  gd32f30x_dbg.o ABSOLUTE
    gd32f30x_dma.c                           0x00000000   Number         0  gd32f30x_dma.o ABSOLUTE
    gd32f30x_enet.c                          0x00000000   Number         0  gd32f30x_enet.o ABSOLUTE
    gd32f30x_exmc.c                          0x00000000   Number         0  gd32f30x_exmc.o ABSOLUTE
    gd32f30x_exti.c                          0x00000000   Number         0  gd32f30x_exti.o ABSOLUTE
    gd32f30x_fmc.c                           0x00000000   Number         0  gd32f30x_fmc.o ABSOLUTE
    gd32f30x_fwdgt.c                         0x00000000   Number         0  gd32f30x_fwdgt.o ABSOLUTE
    gd32f30x_gpio.c                          0x00000000   Number         0  gd32f30x_gpio.o ABSOLUTE
    gd32f30x_i2c.c                           0x00000000   Number         0  gd32f30x_i2c.o ABSOLUTE
    gd32f30x_it.c                            0x00000000   Number         0  gd32f30x_it.o ABSOLUTE
    gd32f30x_misc.c                          0x00000000   Number         0  gd32f30x_misc.o ABSOLUTE
    gd32f30x_pmu.c                           0x00000000   Number         0  gd32f30x_pmu.o ABSOLUTE
    gd32f30x_rcu.c                           0x00000000   Number         0  gd32f30x_rcu.o ABSOLUTE
    gd32f30x_rtc.c                           0x00000000   Number         0  gd32f30x_rtc.o ABSOLUTE
    gd32f30x_sdio.c                          0x00000000   Number         0  gd32f30x_sdio.o ABSOLUTE
    gd32f30x_spi.c                           0x00000000   Number         0  gd32f30x_spi.o ABSOLUTE
    gd32f30x_timer.c                         0x00000000   Number         0  gd32f30x_timer.o ABSOLUTE
    gd32f30x_usart.c                         0x00000000   Number         0  gd32f30x_usart.o ABSOLUTE
    gd32f30x_wwdgt.c                         0x00000000   Number         0  gd32f30x_wwdgt.o ABSOLUTE
    main.c                                   0x00000000   Number         0  main.o ABSOLUTE
    system_gd32f30x.c                        0x00000000   Number         0  system_gd32f30x.o ABSOLUTE
    systick.c                                0x00000000   Number         0  systick.o ABSOLUTE
    RESET                                    0x08000000   Section      304  startup_gd32f30x_hd.o(RESET)
    !!!main                                  0x08000130   Section        8  __main.o(!!!main)
    !!!scatter                               0x08000138   Section       52  __scatter.o(!!!scatter)
    !!handler_copy                           0x0800016c   Section       26  __scatter_copy.o(!!handler_copy)
    !!handler_zi                             0x08000188   Section       28  __scatter_zi.o(!!handler_zi)
    .ARM.Collect$$libinit$$00000000          0x080001a4   Section        2  libinit.o(.ARM.Collect$$libinit$$00000000)
    .ARM.Collect$$libinit$$00000001          0x080001a6   Section        4  libinit2.o(.ARM.Collect$$libinit$$00000001)
    .ARM.Collect$$libinit$$00000004          0x080001aa   Section        0  libinit2.o(.ARM.Collect$$libinit$$00000004)
    .ARM.Collect$$libinit$$0000000A          0x080001aa   Section        0  libinit2.o(.ARM.Collect$$libinit$$0000000A)
    .ARM.Collect$$libinit$$0000000C          0x080001aa   Section        0  libinit2.o(.ARM.Collect$$libinit$$0000000C)
    .ARM.Collect$$libinit$$0000000E          0x080001aa   Section        0  libinit2.o(.ARM.Collect$$libinit$$0000000E)
    .ARM.Collect$$libinit$$00000011          0x080001aa   Section        0  libinit2.o(.ARM.Collect$$libinit$$00000011)
    .ARM.Collect$$libinit$$00000013          0x080001aa   Section        0  libinit2.o(.ARM.Collect$$libinit$$00000013)
    .ARM.Collect$$libinit$$00000015          0x080001aa   Section        0  libinit2.o(.ARM.Collect$$libinit$$00000015)
    .ARM.Collect$$libinit$$00000017          0x080001aa   Section        0  libinit2.o(.ARM.Collect$$libinit$$00000017)
    .ARM.Collect$$libinit$$00000019          0x080001aa   Section        0  libinit2.o(.ARM.Collect$$libinit$$00000019)
    .ARM.Collect$$libinit$$0000001B          0x080001aa   Section        0  libinit2.o(.ARM.Collect$$libinit$$0000001B)
    .ARM.Collect$$libinit$$0000001D          0x080001aa   Section        0  libinit2.o(.ARM.Collect$$libinit$$0000001D)
    .ARM.Collect$$libinit$$0000001F          0x080001aa   Section        0  libinit2.o(.ARM.Collect$$libinit$$0000001F)
    .ARM.Collect$$libinit$$00000021          0x080001aa   Section        0  libinit2.o(.ARM.Collect$$libinit$$00000021)
    .ARM.Collect$$libinit$$00000023          0x080001aa   Section        0  libinit2.o(.ARM.Collect$$libinit$$00000023)
    .ARM.Collect$$libinit$$00000025          0x080001aa   Section        0  libinit2.o(.ARM.Collect$$libinit$$00000025)
    .ARM.Collect$$libinit$$0000002C          0x080001aa   Section        0  libinit2.o(.ARM.Collect$$libinit$$0000002C)
    .ARM.Collect$$libinit$$0000002E          0x080001aa   Section        0  libinit2.o(.ARM.Collect$$libinit$$0000002E)
    .ARM.Collect$$libinit$$00000030          0x080001aa   Section        0  libinit2.o(.ARM.Collect$$libinit$$00000030)
    .ARM.Collect$$libinit$$00000032          0x080001aa   Section        0  libinit2.o(.ARM.Collect$$libinit$$00000032)
    .ARM.Collect$$libinit$$00000033          0x080001aa   Section        2  libinit2.o(.ARM.Collect$$libinit$$00000033)
    .ARM.Collect$$libshutdown$$00000000      0x080001ac   Section        2  libshutdown.o(.ARM.Collect$$libshutdown$$00000000)
    .ARM.Collect$$libshutdown$$00000002      0x080001ae   Section        0  libshutdown2.o(.ARM.Collect$$libshutdown$$00000002)
    .ARM.Collect$$libshutdown$$00000004      0x080001ae   Section        0  libshutdown2.o(.ARM.Collect$$libshutdown$$00000004)
    .ARM.Collect$$libshutdown$$00000007      0x080001ae   Section        0  libshutdown2.o(.ARM.Collect$$libshutdown$$00000007)
    .ARM.Collect$$libshutdown$$0000000A      0x080001ae   Section        0  libshutdown2.o(.ARM.Collect$$libshutdown$$0000000A)
    .ARM.Collect$$libshutdown$$0000000C      0x080001ae   Section        0  libshutdown2.o(.ARM.Collect$$libshutdown$$0000000C)
    .ARM.Collect$$libshutdown$$0000000F      0x080001ae   Section        0  libshutdown2.o(.ARM.Collect$$libshutdown$$0000000F)
    .ARM.Collect$$libshutdown$$00000010      0x080001ae   Section        2  libshutdown2.o(.ARM.Collect$$libshutdown$$00000010)
    .ARM.Collect$$rtentry$$00000000          0x080001b0   Section        0  __rtentry.o(.ARM.Collect$$rtentry$$00000000)
    .ARM.Collect$$rtentry$$00000002          0x080001b0   Section        0  __rtentry2.o(.ARM.Collect$$rtentry$$00000002)
    .ARM.Collect$$rtentry$$00000004          0x080001b0   Section        6  __rtentry4.o(.ARM.Collect$$rtentry$$00000004)
    .ARM.Collect$$rtentry$$00000009          0x080001b6   Section        0  __rtentry2.o(.ARM.Collect$$rtentry$$00000009)
    .ARM.Collect$$rtentry$$0000000A          0x080001b6   Section        4  __rtentry2.o(.ARM.Collect$$rtentry$$0000000A)
    .ARM.Collect$$rtentry$$0000000C          0x080001ba   Section        0  __rtentry2.o(.ARM.Collect$$rtentry$$0000000C)
    .ARM.Collect$$rtentry$$0000000D          0x080001ba   Section        8  __rtentry2.o(.ARM.Collect$$rtentry$$0000000D)
    .ARM.Collect$$rtexit$$00000000           0x080001c2   Section        2  rtexit.o(.ARM.Collect$$rtexit$$00000000)
    .ARM.Collect$$rtexit$$00000002           0x080001c4   Section        0  rtexit2.o(.ARM.Collect$$rtexit$$00000002)
    .ARM.Collect$$rtexit$$00000003           0x080001c4   Section        4  rtexit2.o(.ARM.Collect$$rtexit$$00000003)
    .ARM.Collect$$rtexit$$00000004           0x080001c8   Section        6  rtexit2.o(.ARM.Collect$$rtexit$$00000004)
    $v0                                      0x080001d0   Number         0  startup_gd32f30x_hd.o(.text)
    .text                                    0x080001d0   Section       64  startup_gd32f30x_hd.o(.text)
    .text                                    0x08000210   Section        0  heapauxi.o(.text)
    .text                                    0x08000216   Section       74  sys_stackheap_outer.o(.text)
    .text                                    0x08000260   Section        0  exit.o(.text)
    .text                                    0x08000274   Section        8  libspace.o(.text)
    .text                                    0x0800027c   Section        0  sys_exit.o(.text)
    .text                                    0x08000288   Section        2  use_no_semi.o(.text)
    .text                                    0x0800028a   Section        0  indicate_semi.o(.text)
    [Anonymous Symbol]                       0x0800028c   Section        0  gd32f30x_it.o(.text.BusFault_Handler)
    [Anonymous Symbol]                       0x08000290   Section        0  gd32f30x_it.o(.text.DebugMon_Handler)
    [Anonymous Symbol]                       0x08000294   Section        0  gd32f30x_it.o(.text.HardFault_Handler)
    [Anonymous Symbol]                       0x08000298   Section        0  gd32f30x_it.o(.text.MemManage_Handler)
    [Anonymous Symbol]                       0x0800029c   Section        0  gd32f30x_it.o(.text.NMI_Handler)
    NVIC_SetPriority                         0x080002a1   Thumb Code    68  systick.o(.text.NVIC_SetPriority)
    [Anonymous Symbol]                       0x080002a0   Section        0  systick.o(.text.NVIC_SetPriority)
    [Anonymous Symbol]                       0x080002e4   Section        0  gd32f30x_it.o(.text.PendSV_Handler)
    [Anonymous Symbol]                       0x080002e8   Section        0  gd32f30x_it.o(.text.SVC_Handler)
    SysTick_Config                           0x080002ed   Thumb Code    82  systick.o(.text.SysTick_Config)
    [Anonymous Symbol]                       0x080002ec   Section        0  systick.o(.text.SysTick_Config)
    [Anonymous Symbol]                       0x08000340   Section        0  gd32f30x_it.o(.text.SysTick_Handler)
    [Anonymous Symbol]                       0x08000348   Section        0  system_gd32f30x.o(.text.SystemInit)
    [Anonymous Symbol]                       0x080003ec   Section        0  gd32f30x_it.o(.text.UsageFault_Handler)
    [Anonymous Symbol]                       0x080003f0   Section        0  systick.o(.text.delay_1ms)
    [Anonymous Symbol]                       0x08000418   Section        0  systick.o(.text.delay_decrement)
    [Anonymous Symbol]                       0x08000438   Section        0  gd32f30x_gpio.o(.text.gpio_bit_reset)
    [Anonymous Symbol]                       0x08000448   Section        0  gd32f30x_gpio.o(.text.gpio_bit_set)
    [Anonymous Symbol]                       0x08000458   Section        0  gd32f30x_gpio.o(.text.gpio_init)
    [Anonymous Symbol]                       0x080005dc   Section        0  main.o(.text.led_init)
    [Anonymous Symbol]                       0x0800062c   Section        0  main.o(.text.main)
    [Anonymous Symbol]                       0x08000688   Section        0  gd32f30x_misc.o(.text.nvic_irq_disable)
    [Anonymous Symbol]                       0x080006b0   Section        0  gd32f30x_rcu.o(.text.rcu_periph_clock_enable)
    system_clock_120m_hxtal                  0x080006d9   Thumb Code   372  system_gd32f30x.o(.text.system_clock_120m_hxtal)
    [Anonymous Symbol]                       0x080006d8   Section        0  system_gd32f30x.o(.text.system_clock_120m_hxtal)
    system_clock_config                      0x0800084d   Thumb Code     8  system_gd32f30x.o(.text.system_clock_config)
    [Anonymous Symbol]                       0x0800084c   Section        0  system_gd32f30x.o(.text.system_clock_config)
    [Anonymous Symbol]                       0x08000854   Section        0  systick.o(.text.systick_config)
    $v0                                      0x08000886   Number         0  fpinit.o(x$fpl$fpinit)
    x$fpl$fpinit                             0x08000886   Section       26  fpinit.o(x$fpl$fpinit)
    .bss                                     0x20000008   Section       96  libspace.o(.bss)
    delay                                    0x2000006c   Data           4  systick.o(.bss.delay)
    [Anonymous Symbol]                       0x2000006c   Section        0  systick.o(.bss.delay)
    Heap_Mem                                 0x20000070   Data        1024  startup_gd32f30x_hd.o(HEAP)
    HEAP                                     0x20000070   Section     1024  startup_gd32f30x_hd.o(HEAP)
    Stack_Mem                                0x20000470   Data        1024  startup_gd32f30x_hd.o(STACK)
    STACK                                    0x20000470   Section     1024  startup_gd32f30x_hd.o(STACK)
    __initial_sp                             0x20000870   Data           0  startup_gd32f30x_hd.o(STACK)

    Global Symbols

    Symbol Name                              Value     Ov Type        Size  Object(Section)

    BuildAttributes$$THM_ISAv4$E$P$D$K$B$S$7EM$VFPi3$EXTD16$VFPS$VFMA$PE$A:L22UL41UL21$X:L11$S22US41US21$IEEE1$IW$~IW$USESV6$~STKCKD$USESV7$~SHL$OSPACE$ROPI$EBA8$UX$STANDARDLIB$REQ8$PRES8$EABIv2 0x00000000   Number         0  anon$$obj.o ABSOLUTE
    __ARM_exceptions_init                     - Undefined Weak Reference
    __alloca_initialize                       - Undefined Weak Reference
    __arm_preinit_                            - Undefined Weak Reference
    __cpp_initialize__aeabi_                  - Undefined Weak Reference
    __cxa_finalize                            - Undefined Weak Reference
    __rt_locale                               - Undefined Weak Reference
    __sigvec_lookup                           - Undefined Weak Reference
    _atexit_init                              - Undefined Weak Reference
    _call_atexit_fns                          - Undefined Weak Reference
    _clock_init                               - Undefined Weak Reference
    _fp_trap_init                             - Undefined Weak Reference
    _fp_trap_shutdown                         - Undefined Weak Reference
    _get_lc_collate                           - Undefined Weak Reference
    _get_lc_ctype                             - Undefined Weak Reference
    _get_lc_monetary                          - Undefined Weak Reference
    _get_lc_numeric                           - Undefined Weak Reference
    _get_lc_time                              - Undefined Weak Reference
    _getenv_init                              - Undefined Weak Reference
    _handle_redirection                       - Undefined Weak Reference
    _init_alloc                               - Undefined Weak Reference
    _init_user_alloc                          - Undefined Weak Reference
    _initio                                   - Undefined Weak Reference
    _rand_init                                - Undefined Weak Reference
    _signal_finish                            - Undefined Weak Reference
    _signal_init                              - Undefined Weak Reference
    _terminate_alloc                          - Undefined Weak Reference
    _terminate_user_alloc                     - Undefined Weak Reference
    _terminateio                              - Undefined Weak Reference
    __Vectors_Size                           0x00000130   Number         0  startup_gd32f30x_hd.o ABSOLUTE
    __Vectors                                0x08000000   Data           4  startup_gd32f30x_hd.o(RESET)
    __Vectors_End                            0x08000130   Data           0  startup_gd32f30x_hd.o(RESET)
    __main                                   0x08000131   Thumb Code     8  __main.o(!!!main)
    __scatterload                            0x08000139   Thumb Code     0  __scatter.o(!!!scatter)
    __scatterload_rt2                        0x08000139   Thumb Code    44  __scatter.o(!!!scatter)
    __scatterload_rt2_thumb_only             0x08000139   Thumb Code     0  __scatter.o(!!!scatter)
    __scatterload_null                       0x08000147   Thumb Code     0  __scatter.o(!!!scatter)
    __scatterload_copy                       0x0800016d   Thumb Code    26  __scatter_copy.o(!!handler_copy)
    __scatterload_zeroinit                   0x08000189   Thumb Code    28  __scatter_zi.o(!!handler_zi)
    __rt_lib_init                            0x080001a5   Thumb Code     0  libinit.o(.ARM.Collect$$libinit$$00000000)
    __rt_lib_init_fp_1                       0x080001a7   Thumb Code     0  libinit2.o(.ARM.Collect$$libinit$$00000001)
    __rt_lib_init_alloca_1                   0x080001ab   Thumb Code     0  libinit2.o(.ARM.Collect$$libinit$$0000002E)
    __rt_lib_init_argv_1                     0x080001ab   Thumb Code     0  libinit2.o(.ARM.Collect$$libinit$$0000002C)
    __rt_lib_init_atexit_1                   0x080001ab   Thumb Code     0  libinit2.o(.ARM.Collect$$libinit$$0000001B)
    __rt_lib_init_clock_1                    0x080001ab   Thumb Code     0  libinit2.o(.ARM.Collect$$libinit$$00000021)
    __rt_lib_init_cpp_1                      0x080001ab   Thumb Code     0  libinit2.o(.ARM.Collect$$libinit$$00000032)
    __rt_lib_init_exceptions_1               0x080001ab   Thumb Code     0  libinit2.o(.ARM.Collect$$libinit$$00000030)
    __rt_lib_init_fp_trap_1                  0x080001ab   Thumb Code     0  libinit2.o(.ARM.Collect$$libinit$$0000001F)
    __rt_lib_init_getenv_1                   0x080001ab   Thumb Code     0  libinit2.o(.ARM.Collect$$libinit$$00000023)
    __rt_lib_init_heap_1                     0x080001ab   Thumb Code     0  libinit2.o(.ARM.Collect$$libinit$$0000000A)
    __rt_lib_init_lc_collate_1               0x080001ab   Thumb Code     0  libinit2.o(.ARM.Collect$$libinit$$00000011)
    __rt_lib_init_lc_ctype_1                 0x080001ab   Thumb Code     0  libinit2.o(.ARM.Collect$$libinit$$00000013)
    __rt_lib_init_lc_monetary_1              0x080001ab   Thumb Code     0  libinit2.o(.ARM.Collect$$libinit$$00000015)
    __rt_lib_init_lc_numeric_1               0x080001ab   Thumb Code     0  libinit2.o(.ARM.Collect$$libinit$$00000017)
    __rt_lib_init_lc_time_1                  0x080001ab   Thumb Code     0  libinit2.o(.ARM.Collect$$libinit$$00000019)
    __rt_lib_init_preinit_1                  0x080001ab   Thumb Code     0  libinit2.o(.ARM.Collect$$libinit$$00000004)
    __rt_lib_init_rand_1                     0x080001ab   Thumb Code     0  libinit2.o(.ARM.Collect$$libinit$$0000000E)
    __rt_lib_init_return                     0x080001ab   Thumb Code     0  libinit2.o(.ARM.Collect$$libinit$$00000033)
    __rt_lib_init_signal_1                   0x080001ab   Thumb Code     0  libinit2.o(.ARM.Collect$$libinit$$0000001D)
    __rt_lib_init_stdio_1                    0x080001ab   Thumb Code     0  libinit2.o(.ARM.Collect$$libinit$$00000025)
    __rt_lib_init_user_alloc_1               0x080001ab   Thumb Code     0  libinit2.o(.ARM.Collect$$libinit$$0000000C)
    __rt_lib_shutdown                        0x080001ad   Thumb Code     0  libshutdown.o(.ARM.Collect$$libshutdown$$00000000)
    __rt_lib_shutdown_cpp_1                  0x080001af   Thumb Code     0  libshutdown2.o(.ARM.Collect$$libshutdown$$00000002)
    __rt_lib_shutdown_fp_trap_1              0x080001af   Thumb Code     0  libshutdown2.o(.ARM.Collect$$libshutdown$$00000007)
    __rt_lib_shutdown_heap_1                 0x080001af   Thumb Code     0  libshutdown2.o(.ARM.Collect$$libshutdown$$0000000F)
    __rt_lib_shutdown_return                 0x080001af   Thumb Code     0  libshutdown2.o(.ARM.Collect$$libshutdown$$00000010)
    __rt_lib_shutdown_signal_1               0x080001af   Thumb Code     0  libshutdown2.o(.ARM.Collect$$libshutdown$$0000000A)
    __rt_lib_shutdown_stdio_1                0x080001af   Thumb Code     0  libshutdown2.o(.ARM.Collect$$libshutdown$$00000004)
    __rt_lib_shutdown_user_alloc_1           0x080001af   Thumb Code     0  libshutdown2.o(.ARM.Collect$$libshutdown$$0000000C)
    __rt_entry                               0x080001b1   Thumb Code     0  __rtentry.o(.ARM.Collect$$rtentry$$00000000)
    __rt_entry_presh_1                       0x080001b1   Thumb Code     0  __rtentry2.o(.ARM.Collect$$rtentry$$00000002)
    __rt_entry_sh                            0x080001b1   Thumb Code     0  __rtentry4.o(.ARM.Collect$$rtentry$$00000004)
    __rt_entry_li                            0x080001b7   Thumb Code     0  __rtentry2.o(.ARM.Collect$$rtentry$$0000000A)
    __rt_entry_postsh_1                      0x080001b7   Thumb Code     0  __rtentry2.o(.ARM.Collect$$rtentry$$00000009)
    __rt_entry_main                          0x080001bb   Thumb Code     0  __rtentry2.o(.ARM.Collect$$rtentry$$0000000D)
    __rt_entry_postli_1                      0x080001bb   Thumb Code     0  __rtentry2.o(.ARM.Collect$$rtentry$$0000000C)
    __rt_exit                                0x080001c3   Thumb Code     0  rtexit.o(.ARM.Collect$$rtexit$$00000000)
    __rt_exit_ls                             0x080001c5   Thumb Code     0  rtexit2.o(.ARM.Collect$$rtexit$$00000003)
    __rt_exit_prels_1                        0x080001c5   Thumb Code     0  rtexit2.o(.ARM.Collect$$rtexit$$00000002)
    __rt_exit_exit                           0x080001c9   Thumb Code     0  rtexit2.o(.ARM.Collect$$rtexit$$00000004)
    Reset_Handler                            0x080001d1   Thumb Code     8  startup_gd32f30x_hd.o(.text)
    ADC0_1_IRQHandler                        0x080001eb   Thumb Code     0  startup_gd32f30x_hd.o(.text)
    ADC2_IRQHandler                          0x080001eb   Thumb Code     0  startup_gd32f30x_hd.o(.text)
    CAN0_EWMC_IRQHandler                     0x080001eb   Thumb Code     0  startup_gd32f30x_hd.o(.text)
    CAN0_RX1_IRQHandler                      0x080001eb   Thumb Code     0  startup_gd32f30x_hd.o(.text)
    DMA0_Channel0_IRQHandler                 0x080001eb   Thumb Code     0  startup_gd32f30x_hd.o(.text)
    DMA0_Channel1_IRQHandler                 0x080001eb   Thumb Code     0  startup_gd32f30x_hd.o(.text)
    DMA0_Channel2_IRQHandler                 0x080001eb   Thumb Code     0  startup_gd32f30x_hd.o(.text)
    DMA0_Channel3_IRQHandler                 0x080001eb   Thumb Code     0  startup_gd32f30x_hd.o(.text)
    DMA0_Channel4_IRQHandler                 0x080001eb   Thumb Code     0  startup_gd32f30x_hd.o(.text)
    DMA0_Channel5_IRQHandler                 0x080001eb   Thumb Code     0  startup_gd32f30x_hd.o(.text)
    DMA0_Channel6_IRQHandler                 0x080001eb   Thumb Code     0  startup_gd32f30x_hd.o(.text)
    DMA1_Channel0_IRQHandler                 0x080001eb   Thumb Code     0  startup_gd32f30x_hd.o(.text)
    DMA1_Channel1_IRQHandler                 0x080001eb   Thumb Code     0  startup_gd32f30x_hd.o(.text)
    DMA1_Channel2_IRQHandler                 0x080001eb   Thumb Code     0  startup_gd32f30x_hd.o(.text)
    DMA1_Channel3_4_IRQHandler               0x080001eb   Thumb Code     0  startup_gd32f30x_hd.o(.text)
    EXMC_IRQHandler                          0x080001eb   Thumb Code     0  startup_gd32f30x_hd.o(.text)
    EXTI0_IRQHandler                         0x080001eb   Thumb Code     0  startup_gd32f30x_hd.o(.text)
    EXTI10_15_IRQHandler                     0x080001eb   Thumb Code     0  startup_gd32f30x_hd.o(.text)
    EXTI1_IRQHandler                         0x080001eb   Thumb Code     0  startup_gd32f30x_hd.o(.text)
    EXTI2_IRQHandler                         0x080001eb   Thumb Code     0  startup_gd32f30x_hd.o(.text)
    EXTI3_IRQHandler                         0x080001eb   Thumb Code     0  startup_gd32f30x_hd.o(.text)
    EXTI4_IRQHandler                         0x080001eb   Thumb Code     0  startup_gd32f30x_hd.o(.text)
    EXTI5_9_IRQHandler                       0x080001eb   Thumb Code     0  startup_gd32f30x_hd.o(.text)
    FMC_IRQHandler                           0x080001eb   Thumb Code     0  startup_gd32f30x_hd.o(.text)
    I2C0_ER_IRQHandler                       0x080001eb   Thumb Code     0  startup_gd32f30x_hd.o(.text)
    I2C0_EV_IRQHandler                       0x080001eb   Thumb Code     0  startup_gd32f30x_hd.o(.text)
    I2C1_ER_IRQHandler                       0x080001eb   Thumb Code     0  startup_gd32f30x_hd.o(.text)
    I2C1_EV_IRQHandler                       0x080001eb   Thumb Code     0  startup_gd32f30x_hd.o(.text)
    LVD_IRQHandler                           0x080001eb   Thumb Code     0  startup_gd32f30x_hd.o(.text)
    RCU_CTC_IRQHandler                       0x080001eb   Thumb Code     0  startup_gd32f30x_hd.o(.text)
    RTC_Alarm_IRQHandler                     0x080001eb   Thumb Code     0  startup_gd32f30x_hd.o(.text)
    RTC_IRQHandler                           0x080001eb   Thumb Code     0  startup_gd32f30x_hd.o(.text)
    SDIO_IRQHandler                          0x080001eb   Thumb Code     0  startup_gd32f30x_hd.o(.text)
    SPI0_IRQHandler                          0x080001eb   Thumb Code     0  startup_gd32f30x_hd.o(.text)
    SPI1_IRQHandler                          0x080001eb   Thumb Code     0  startup_gd32f30x_hd.o(.text)
    SPI2_IRQHandler                          0x080001eb   Thumb Code     0  startup_gd32f30x_hd.o(.text)
    TAMPER_IRQHandler                        0x080001eb   Thumb Code     0  startup_gd32f30x_hd.o(.text)
    TIMER0_BRK_IRQHandler                    0x080001eb   Thumb Code     0  startup_gd32f30x_hd.o(.text)
    TIMER0_Channel_IRQHandler                0x080001eb   Thumb Code     0  startup_gd32f30x_hd.o(.text)
    TIMER0_TRG_CMT_IRQHandler                0x080001eb   Thumb Code     0  startup_gd32f30x_hd.o(.text)
    TIMER0_UP_IRQHandler                     0x080001eb   Thumb Code     0  startup_gd32f30x_hd.o(.text)
    TIMER1_IRQHandler                        0x080001eb   Thumb Code     0  startup_gd32f30x_hd.o(.text)
    TIMER2_IRQHandler                        0x080001eb   Thumb Code     0  startup_gd32f30x_hd.o(.text)
    TIMER3_IRQHandler                        0x080001eb   Thumb Code     0  startup_gd32f30x_hd.o(.text)
    TIMER4_IRQHandler                        0x080001eb   Thumb Code     0  startup_gd32f30x_hd.o(.text)
    TIMER5_IRQHandler                        0x080001eb   Thumb Code     0  startup_gd32f30x_hd.o(.text)
    TIMER6_IRQHandler                        0x080001eb   Thumb Code     0  startup_gd32f30x_hd.o(.text)
    TIMER7_BRK_IRQHandler                    0x080001eb   Thumb Code     0  startup_gd32f30x_hd.o(.text)
    TIMER7_Channel_IRQHandler                0x080001eb   Thumb Code     0  startup_gd32f30x_hd.o(.text)
    TIMER7_TRG_CMT_IRQHandler                0x080001eb   Thumb Code     0  startup_gd32f30x_hd.o(.text)
    TIMER7_UP_IRQHandler                     0x080001eb   Thumb Code     0  startup_gd32f30x_hd.o(.text)
    UART3_IRQHandler                         0x080001eb   Thumb Code     0  startup_gd32f30x_hd.o(.text)
    UART4_IRQHandler                         0x080001eb   Thumb Code     0  startup_gd32f30x_hd.o(.text)
    USART0_IRQHandler                        0x080001eb   Thumb Code     0  startup_gd32f30x_hd.o(.text)
    USART1_IRQHandler                        0x080001eb   Thumb Code     0  startup_gd32f30x_hd.o(.text)
    USART2_IRQHandler                        0x080001eb   Thumb Code     0  startup_gd32f30x_hd.o(.text)
    USBD_HP_CAN0_TX_IRQHandler               0x080001eb   Thumb Code     0  startup_gd32f30x_hd.o(.text)
    USBD_LP_CAN0_RX0_IRQHandler              0x080001eb   Thumb Code     0  startup_gd32f30x_hd.o(.text)
    USBD_WKUP_IRQHandler                     0x080001eb   Thumb Code     0  startup_gd32f30x_hd.o(.text)
    WWDGT_IRQHandler                         0x080001eb   Thumb Code     0  startup_gd32f30x_hd.o(.text)
    __user_initial_stackheap                 0x080001ed   Thumb Code    10  startup_gd32f30x_hd.o(.text)
    __use_two_region_memory                  0x08000211   Thumb Code     2  heapauxi.o(.text)
    __rt_heap_escrow$2region                 0x08000213   Thumb Code     2  heapauxi.o(.text)
    __rt_heap_expand$2region                 0x08000215   Thumb Code     2  heapauxi.o(.text)
    __user_setup_stackheap                   0x08000217   Thumb Code    74  sys_stackheap_outer.o(.text)
    exit                                     0x08000261   Thumb Code    18  exit.o(.text)
    __user_libspace                          0x08000275   Thumb Code     8  libspace.o(.text)
    __user_perproc_libspace                  0x08000275   Thumb Code     0  libspace.o(.text)
    __user_perthread_libspace                0x08000275   Thumb Code     0  libspace.o(.text)
    _sys_exit                                0x0800027d   Thumb Code     8  sys_exit.o(.text)
    __I$use$semihosting                      0x08000289   Thumb Code     0  use_no_semi.o(.text)
    __use_no_semihosting_swi                 0x08000289   Thumb Code     2  use_no_semi.o(.text)
    __semihosting_library_function           0x0800028b   Thumb Code     0  indicate_semi.o(.text)
    BusFault_Handler                         0x0800028d   Thumb Code     4  gd32f30x_it.o(.text.BusFault_Handler)
    DebugMon_Handler                         0x08000291   Thumb Code     2  gd32f30x_it.o(.text.DebugMon_Handler)
    HardFault_Handler                        0x08000295   Thumb Code     4  gd32f30x_it.o(.text.HardFault_Handler)
    MemManage_Handler                        0x08000299   Thumb Code     4  gd32f30x_it.o(.text.MemManage_Handler)
    NMI_Handler                              0x0800029d   Thumb Code     2  gd32f30x_it.o(.text.NMI_Handler)
    PendSV_Handler                           0x080002e5   Thumb Code     2  gd32f30x_it.o(.text.PendSV_Handler)
    SVC_Handler                              0x080002e9   Thumb Code     2  gd32f30x_it.o(.text.SVC_Handler)
    SysTick_Handler                          0x08000341   Thumb Code     8  gd32f30x_it.o(.text.SysTick_Handler)
    SystemInit                               0x08000349   Thumb Code   162  system_gd32f30x.o(.text.SystemInit)
    UsageFault_Handler                       0x080003ed   Thumb Code     4  gd32f30x_it.o(.text.UsageFault_Handler)
    delay_1ms                                0x080003f1   Thumb Code    38  systick.o(.text.delay_1ms)
    delay_decrement                          0x08000419   Thumb Code    32  systick.o(.text.delay_decrement)
    gpio_bit_reset                           0x08000439   Thumb Code    16  gd32f30x_gpio.o(.text.gpio_bit_reset)
    gpio_bit_set                             0x08000449   Thumb Code    16  gd32f30x_gpio.o(.text.gpio_bit_set)
    gpio_init                                0x08000459   Thumb Code   388  gd32f30x_gpio.o(.text.gpio_init)
    led_init                                 0x080005dd   Thumb Code    80  main.o(.text.led_init)
    main                                     0x0800062d   Thumb Code    90  main.o(.text.main)
    nvic_irq_disable                         0x08000689   Thumb Code    40  gd32f30x_misc.o(.text.nvic_irq_disable)
    rcu_periph_clock_enable                  0x080006b1   Thumb Code    40  gd32f30x_rcu.o(.text.rcu_periph_clock_enable)
    systick_config                           0x08000855   Thumb Code    50  systick.o(.text.systick_config)
    _fp_init                                 0x08000887   Thumb Code    26  fpinit.o(x$fpl$fpinit)
    __fplib_config_fpu_vfp                   0x0800089f   Thumb Code     0  fpinit.o(x$fpl$fpinit)
    __fplib_config_pureend_doubles           0x0800089f   Thumb Code     0  fpinit.o(x$fpl$fpinit)
    Region$$Table$$Base                      0x080008a0   Number         0  anon$$obj.o(Region$$Table)
    Region$$Table$$Limit                     0x080008c0   Number         0  anon$$obj.o(Region$$Table)
    SystemCoreClock                          0x20000000   Data           4  system_gd32f30x.o(.data.SystemCoreClock)
    __libspace_start                         0x20000008   Data          96  libspace.o(.bss)
    Jump_To_Application                      0x20000068   Data           4  main.o(.bss.Jump_To_Application)
    __temporary_stack_top$libspace           0x20000068   Data           0  libspace.o(.bss)



==============================================================================

Memory Map of the image

  Image Entry point : 0x08000131

  Load Region LR_IROM1 (Base: 0x08000000, Size: 0x000008c8, Max: 0x00010000, ABSOLUTE)

    Execution Region ER_IROM1 (Exec base: 0x08000000, Load base: 0x08000000, Size: 0x000008c0, Max: 0x00010000, ABSOLUTE)

    Exec Addr    Load Addr    Size         Type   Attr      Idx    E Section Name        Object

    0x08000000   0x08000000   0x00000130   Data   RO           59    RESET               startup_gd32f30x_hd.o
    0x08000130   0x08000130   0x00000008   Code   RO         1436  * !!!main             c_w.l(__main.o)
    0x08000138   0x08000138   0x00000034   Code   RO         1599    !!!scatter          c_w.l(__scatter.o)
    0x0800016c   0x0800016c   0x0000001a   Code   RO         1601    !!handler_copy      c_w.l(__scatter_copy.o)
    0x08000186   0x08000186   0x00000002   PAD
    0x08000188   0x08000188   0x0000001c   Code   RO         1603    !!handler_zi        c_w.l(__scatter_zi.o)
    0x080001a4   0x080001a4   0x00000002   Code   RO         1463    .ARM.Collect$$libinit$$00000000  c_w.l(libinit.o)
    0x080001a6   0x080001a6   0x00000004   Code   RO         1469    .ARM.Collect$$libinit$$00000001  c_w.l(libinit2.o)
    0x080001aa   0x080001aa   0x00000000   Code   RO         1472    .ARM.Collect$$libinit$$00000004  c_w.l(libinit2.o)
    0x080001aa   0x080001aa   0x00000000   Code   RO         1475    .ARM.Collect$$libinit$$0000000A  c_w.l(libinit2.o)
    0x080001aa   0x080001aa   0x00000000   Code   RO         1477    .ARM.Collect$$libinit$$0000000C  c_w.l(libinit2.o)
    0x080001aa   0x080001aa   0x00000000   Code   RO         1479    .ARM.Collect$$libinit$$0000000E  c_w.l(libinit2.o)
    0x080001aa   0x080001aa   0x00000000   Code   RO         1482    .ARM.Collect$$libinit$$00000011  c_w.l(libinit2.o)
    0x080001aa   0x080001aa   0x00000000   Code   RO         1484    .ARM.Collect$$libinit$$00000013  c_w.l(libinit2.o)
    0x080001aa   0x080001aa   0x00000000   Code   RO         1486    .ARM.Collect$$libinit$$00000015  c_w.l(libinit2.o)
    0x080001aa   0x080001aa   0x00000000   Code   RO         1488    .ARM.Collect$$libinit$$00000017  c_w.l(libinit2.o)
    0x080001aa   0x080001aa   0x00000000   Code   RO         1490    .ARM.Collect$$libinit$$00000019  c_w.l(libinit2.o)
    0x080001aa   0x080001aa   0x00000000   Code   RO         1492    .ARM.Collect$$libinit$$0000001B  c_w.l(libinit2.o)
    0x080001aa   0x080001aa   0x00000000   Code   RO         1494    .ARM.Collect$$libinit$$0000001D  c_w.l(libinit2.o)
    0x080001aa   0x080001aa   0x00000000   Code   RO         1496    .ARM.Collect$$libinit$$0000001F  c_w.l(libinit2.o)
    0x080001aa   0x080001aa   0x00000000   Code   RO         1498    .ARM.Collect$$libinit$$00000021  c_w.l(libinit2.o)
    0x080001aa   0x080001aa   0x00000000   Code   RO         1500    .ARM.Collect$$libinit$$00000023  c_w.l(libinit2.o)
    0x080001aa   0x080001aa   0x00000000   Code   RO         1502    .ARM.Collect$$libinit$$00000025  c_w.l(libinit2.o)
    0x080001aa   0x080001aa   0x00000000   Code   RO         1506    .ARM.Collect$$libinit$$0000002C  c_w.l(libinit2.o)
    0x080001aa   0x080001aa   0x00000000   Code   RO         1508    .ARM.Collect$$libinit$$0000002E  c_w.l(libinit2.o)
    0x080001aa   0x080001aa   0x00000000   Code   RO         1510    .ARM.Collect$$libinit$$00000030  c_w.l(libinit2.o)
    0x080001aa   0x080001aa   0x00000000   Code   RO         1512    .ARM.Collect$$libinit$$00000032  c_w.l(libinit2.o)
    0x080001aa   0x080001aa   0x00000002   Code   RO         1513    .ARM.Collect$$libinit$$00000033  c_w.l(libinit2.o)
    0x080001ac   0x080001ac   0x00000002   Code   RO         1535    .ARM.Collect$$libshutdown$$00000000  c_w.l(libshutdown.o)
    0x080001ae   0x080001ae   0x00000000   Code   RO         1550    .ARM.Collect$$libshutdown$$00000002  c_w.l(libshutdown2.o)
    0x080001ae   0x080001ae   0x00000000   Code   RO         1552    .ARM.Collect$$libshutdown$$00000004  c_w.l(libshutdown2.o)
    0x080001ae   0x080001ae   0x00000000   Code   RO         1555    .ARM.Collect$$libshutdown$$00000007  c_w.l(libshutdown2.o)
    0x080001ae   0x080001ae   0x00000000   Code   RO         1558    .ARM.Collect$$libshutdown$$0000000A  c_w.l(libshutdown2.o)
    0x080001ae   0x080001ae   0x00000000   Code   RO         1560    .ARM.Collect$$libshutdown$$0000000C  c_w.l(libshutdown2.o)
    0x080001ae   0x080001ae   0x00000000   Code   RO         1563    .ARM.Collect$$libshutdown$$0000000F  c_w.l(libshutdown2.o)
    0x080001ae   0x080001ae   0x00000002   Code   RO         1564    .ARM.Collect$$libshutdown$$00000010  c_w.l(libshutdown2.o)
    0x080001b0   0x080001b0   0x00000000   Code   RO         1438    .ARM.Collect$$rtentry$$00000000  c_w.l(__rtentry.o)
    0x080001b0   0x080001b0   0x00000000   Code   RO         1440    .ARM.Collect$$rtentry$$00000002  c_w.l(__rtentry2.o)
    0x080001b0   0x080001b0   0x00000006   Code   RO         1452    .ARM.Collect$$rtentry$$00000004  c_w.l(__rtentry4.o)
    0x080001b6   0x080001b6   0x00000000   Code   RO         1442    .ARM.Collect$$rtentry$$00000009  c_w.l(__rtentry2.o)
    0x080001b6   0x080001b6   0x00000004   Code   RO         1443    .ARM.Collect$$rtentry$$0000000A  c_w.l(__rtentry2.o)
    0x080001ba   0x080001ba   0x00000000   Code   RO         1445    .ARM.Collect$$rtentry$$0000000C  c_w.l(__rtentry2.o)
    0x080001ba   0x080001ba   0x00000008   Code   RO         1446    .ARM.Collect$$rtentry$$0000000D  c_w.l(__rtentry2.o)
    0x080001c2   0x080001c2   0x00000002   Code   RO         1467    .ARM.Collect$$rtexit$$00000000  c_w.l(rtexit.o)
    0x080001c4   0x080001c4   0x00000000   Code   RO         1515    .ARM.Collect$$rtexit$$00000002  c_w.l(rtexit2.o)
    0x080001c4   0x080001c4   0x00000004   Code   RO         1516    .ARM.Collect$$rtexit$$00000003  c_w.l(rtexit2.o)
    0x080001c8   0x080001c8   0x00000006   Code   RO         1517    .ARM.Collect$$rtexit$$00000004  c_w.l(rtexit2.o)
    0x080001ce   0x080001ce   0x00000002   PAD
    0x080001d0   0x080001d0   0x00000040   Code   RO           60    .text               startup_gd32f30x_hd.o
    0x08000210   0x08000210   0x00000006   Code   RO         1434    .text               c_w.l(heapauxi.o)
    0x08000216   0x08000216   0x0000004a   Code   RO         1454    .text               c_w.l(sys_stackheap_outer.o)
    0x08000260   0x08000260   0x00000012   Code   RO         1456    .text               c_w.l(exit.o)
    0x08000272   0x08000272   0x00000002   PAD
    0x08000274   0x08000274   0x00000008   Code   RO         1464    .text               c_w.l(libspace.o)
    0x0800027c   0x0800027c   0x0000000c   Code   RO         1525    .text               c_w.l(sys_exit.o)
    0x08000288   0x08000288   0x00000002   Code   RO         1540    .text               c_w.l(use_no_semi.o)
    0x0800028a   0x0800028a   0x00000000   Code   RO         1542    .text               c_w.l(indicate_semi.o)
    0x0800028a   0x0800028a   0x00000002   PAD
    0x0800028c   0x0800028c   0x00000004   Code   RO            8    .text.BusFault_Handler  gd32f30x_it.o
    0x08000290   0x08000290   0x00000002   Code   RO           14    .text.DebugMon_Handler  gd32f30x_it.o
    0x08000292   0x08000292   0x00000002   PAD
    0x08000294   0x08000294   0x00000004   Code   RO            4    .text.HardFault_Handler  gd32f30x_it.o
    0x08000298   0x08000298   0x00000004   Code   RO            6    .text.MemManage_Handler  gd32f30x_it.o
    0x0800029c   0x0800029c   0x00000002   Code   RO            2    .text.NMI_Handler   gd32f30x_it.o
    0x0800029e   0x0800029e   0x00000002   PAD
    0x080002a0   0x080002a0   0x00000044   Code   RO           31    .text.NVIC_SetPriority  systick.o
    0x080002e4   0x080002e4   0x00000002   Code   RO           16    .text.PendSV_Handler  gd32f30x_it.o
    0x080002e6   0x080002e6   0x00000002   PAD
    0x080002e8   0x080002e8   0x00000002   Code   RO           12    .text.SVC_Handler   gd32f30x_it.o
    0x080002ea   0x080002ea   0x00000002   PAD
    0x080002ec   0x080002ec   0x00000052   Code   RO           29    .text.SysTick_Config  systick.o
    0x0800033e   0x0800033e   0x00000002   PAD
    0x08000340   0x08000340   0x00000008   Code   RO           18    .text.SysTick_Handler  gd32f30x_it.o
    0x08000348   0x08000348   0x000000a2   Code   RO           67    .text.SystemInit    system_gd32f30x.o
    0x080003ea   0x080003ea   0x00000002   PAD
    0x080003ec   0x080003ec   0x00000004   Code   RO           10    .text.UsageFault_Handler  gd32f30x_it.o
    0x080003f0   0x080003f0   0x00000026   Code   RO           33    .text.delay_1ms     systick.o
    0x08000416   0x08000416   0x00000002   PAD
    0x08000418   0x08000418   0x00000020   Code   RO           35    .text.delay_decrement  systick.o
    0x08000438   0x08000438   0x00000010   Code   RO          675    .text.gpio_bit_reset  gd32f30x_gpio.o
    0x08000448   0x08000448   0x00000010   Code   RO          673    .text.gpio_bit_set  gd32f30x_gpio.o
    0x08000458   0x08000458   0x00000184   Code   RO          671    .text.gpio_init     gd32f30x_gpio.o
    0x080005dc   0x080005dc   0x00000050   Code   RO           45    .text.led_init      main.o
    0x0800062c   0x0800062c   0x0000005a   Code   RO           47    .text.main          main.o
    0x08000686   0x08000686   0x00000002   PAD
    0x08000688   0x08000688   0x00000028   Code   RO          785    .text.nvic_irq_disable  gd32f30x_misc.o
    0x080006b0   0x080006b0   0x00000028   Code   RO          854    .text.rcu_periph_clock_enable  gd32f30x_rcu.o
    0x080006d8   0x080006d8   0x00000174   Code   RO           73    .text.system_clock_120m_hxtal  system_gd32f30x.o
    0x0800084c   0x0800084c   0x00000008   Code   RO           69    .text.system_clock_config  system_gd32f30x.o
    0x08000854   0x08000854   0x00000032   Code   RO           27    .text.systick_config  systick.o
    0x08000886   0x08000886   0x0000001a   Code   RO         1523    x$fpl$fpinit        fz_wm.l(fpinit.o)
    0x080008a0   0x080008a0   0x00000020   Data   RO         1598    Region$$Table       anon$$obj.o


    Execution Region RW_IRAM1 (Exec base: 0x20000000, Load base: 0x080008c0, Size: 0x00000870, Max: 0x00010000, ABSOLUTE)

    Exec Addr    Load Addr    Size         Type   Attr      Idx    E Section Name        Object

    0x20000000   0x080008c0   0x00000004   Data   RW           75    .data.SystemCoreClock  system_gd32f30x.o
    0x20000004   0x080008c4   0x00000004   PAD
    0x20000008        -       0x00000060   Zero   RW         1465    .bss                c_w.l(libspace.o)
    0x20000068        -       0x00000004   Zero   RW           49    .bss.Jump_To_Application  main.o
    0x2000006c        -       0x00000004   Zero   RW           37    .bss.delay          systick.o
    0x20000070        -       0x00000400   Zero   RW           58    HEAP                startup_gd32f30x_hd.o
    0x20000470        -       0x00000400   Zero   RW           57    STACK               startup_gd32f30x_hd.o


==============================================================================

Image component sizes


      Code (inc. data)   RO Data    RW Data    ZI Data      Debug   Object Name

       420          0          0          0          0       5398   gd32f30x_gpio.o
        32          0          0          0          0       1028   gd32f30x_it.o
        40          0          0          0          0       3141   gd32f30x_misc.o
        40          0          0          0          0      10779   gd32f30x_rcu.o
       170          0          0          0          4       3292   main.o
        64         26        304          0       2048        948   startup_gd32f30x_hd.o
       542          0          0          4          0       2566   system_gd32f30x.o
       270          0          0          0          4       3883   systick.o

    ----------------------------------------------------------------------
      1594         26        336          4       2060      31035   Object Totals
         0          0         32          0          0          0   (incl. Generated)
        16          0          0          0          4          0   (incl. Padding)

    ----------------------------------------------------------------------

      Code (inc. data)   RO Data    RW Data    ZI Data      Debug   Library Member Name

         8          0          0          0          0         68   __main.o
         0          0          0          0          0          0   __rtentry.o
        12          0          0          0          0          0   __rtentry2.o
         6          0          0          0          0          0   __rtentry4.o
        52          8          0          0          0          0   __scatter.o
        26          0          0          0          0          0   __scatter_copy.o
        28          0          0          0          0          0   __scatter_zi.o
        18          0          0          0          0         80   exit.o
         6          0          0          0          0        152   heapauxi.o
         0          0          0          0          0          0   indicate_semi.o
         2          0          0          0          0          0   libinit.o
         6          0          0          0          0          0   libinit2.o
         2          0          0          0          0          0   libshutdown.o
         2          0          0          0          0          0   libshutdown2.o
         8          4          0          0         96         68   libspace.o
         2          0          0          0          0          0   rtexit.o
        10          0          0          0          0          0   rtexit2.o
        12          4          0          0          0         68   sys_exit.o
        74          0          0          0          0         80   sys_stackheap_outer.o
         2          0          0          0          0         68   use_no_semi.o
        26          0          0          0          0        116   fpinit.o

    ----------------------------------------------------------------------
       310         16          0          0         96        700   Library Totals
         8          0          0          0          0          0   (incl. Padding)

    ----------------------------------------------------------------------

      Code (inc. data)   RO Data    RW Data    ZI Data      Debug   Library Name

       276         16          0          0         96        584   c_w.l
        26          0          0          0          0        116   fz_wm.l

    ----------------------------------------------------------------------
       310         16          0          0         96        700   Library Totals

    ----------------------------------------------------------------------

==============================================================================


      Code (inc. data)   RO Data    RW Data    ZI Data      Debug   

      1904         42        336          4       2156      31459   Grand Totals
      1904         42        336          4       2156      31459   ELF Image Totals
      1904         42        336          4          0          0   ROM Totals

==============================================================================

    Total RO  Size (Code + RO Data)                 2240 (   2.19kB)
    Total RW  Size (RW Data + ZI Data)              2160 (   2.11kB)
    Total ROM Size (Code + RO Data + RW Data)       2244 (   2.19kB)

==============================================================================

